<html>
<body>
<pre>
<h1>µVision Build Log</h1>
<h2>Project:</h2>
C:\Users\DELL\Downloads\embeddedProject 2\LCD.uvproj
Project File Date:  05/16/2022

<h2>Output:</h2>
Build target 'LCD'
linking...
Program Size: Code=5724 RO-data=68 RW-data=64 ZI-data=1120  
".\LCD.axf" - 0 Error(s), 0 Warning(s).
</pre>
</body>
</html>
 && ((key-'0')<=9)){
caseD.c: 1 warning, 0 errors
linking...
Program Size: Code=5724 RO-data=68 RW-data=64 ZI-data=1120  
".\LCD.axf" - 0 Error(s), 1 Warning(s).
5776 RO-data=68 RW-data=72 ZI-data=1120  
".\LCD.axf" - 0 Error(s), 2 Warning(s).
caseD.c(192): warning:  #1-D: last line of file ends without a newline
        }
caseD.c(157): warning:  #177-D: variable "buffer" was declared but never referenced
        char buffer [5];
caseD.c: 3 warnings, 0 errors
linking...
Program Size: Code=5776 RO-data=68 RW-data=72 ZI-data=1120  
".\LCD.axf" - 0 Error(s), 5 Warning(s).
