<html>
<body>
<pre>
<h1>µVision Build Log</h1>
<h2>Project:</h2>
C:\Users\HP\Downloads\CASE ABC\CASE ABC\LCD.uvproj
Project File Date:  05/14/2022

<h2>Output:</h2>
Build target 'LCD'
compiling LCDTestMain.c...
switch3.h(2): warning:  #1-D: last line of file ends without a newline
  void GPIOPortE_Handler(void);
LCDTestMain.c(165): warning:  #111-D: statement is unreachable
        break;
LCDTestMain.c(262): warning:  #111-D: statement is unreachable
        break;
LCDTestMain.c: 3 warnings, 0 errors
linking...
Program Size: Code=5952 RO-data=68 RW-data=36 ZI-data=1124  
".\LCD.axf" - 0 Error(s), 3 Warning(s).
Load "C:\\Users\\HP\\Downloads\\CASE ABC\\CASE ABC\\LCD.axf" 
Connecting: Mode=JTAG, Speed=1000000Hz
Erase Done.
Programming Done.
Verify OK.
</pre>
</body>
</html>
Flash Download failed  -  Could not load file 'C:\Users\HP\Downloads\CASE ABC\CASE ABC\LCD.axf'
lled
