<html>
<body>
<pre>
<h1>µVision Build Log</h1>
<h2>Project:</h2>
B:\CSE 2\Embedded Systems\Embedded project\embeddedProject\LCD.uvproj
Project File Date:  05/15/2022

<h2>Output:</h2>
Build target 'LCD'
compiling caseD2.c...
caseD2.c(144): warning:  #111-D: statement is unreachable
                        break;
caseD2.c(251): warning:  #1-D: last line of file ends without a newline
        }
caseD2.c(210): warning:  #177-D: variable "buffer" was declared but never referenced
        char buffer [5];
caseD2.c(211): warning:  #177-D: variable "m" was declared but never referenced
        int m;
caseD2.c: 4 warnings, 0 errors
linking...
Program Size: Code=4088 RO-data=68 RW-data=56 ZI-data=1120  
".\LCD.axf" - 0 Error(s), 4 Warning(s).
</pre>
</body>
</html>
