<html>
<body>
<pre>
<h1>µVision Build Log</h1>
<h2>Project:</h2>
C:\Users\Hazem\Downloads\CASE ABCD counting func 5\CASE ABCD counting func 5\LCD.uvproj
Project File Date:  05/16/2022

<h2>Output:</h2>
Build target 'LCD'
compiling LCDTestMain.c...
switch3.h(2): warning:  #1-D: last line of file ends without a newline
  void GPIOPortE_Handler(void);
caseD.h(9): warning:  #1295-D: Deprecated declaration read_write - give arg types
  void read_write();
caseD.h(12): warning:  #1295-D: Deprecated declaration duration - give arg types
  int duration();
caseD.h(13): warning:  #1-D: last line of file ends without a newline
  extern  bool caseD ;
LCDTestMain.c(42): warning:  #546-D: transfer of control bypasses initialization of:
            variable "l" (declared at line 59)
            variable "k" (declared at line 120)
            variable "m" (declared at line 182)
  switch(key){
  ^
LCDTestMain.c: 5 warnings, 0 errors
linking...
Program Size: Code=6544 RO-data=68 RW-data=84 ZI-data=1124  
".\LCD.axf" - 0 Error(s), 5 Warning(s).
</pre>
</body>
</html>
