ARM Linker, 5.03 [Build 76] [MDK-ARM Lite]

==============================================================================

Section Cross References

    startup.o(STACK) refers (Special) to heapauxi.o(.text) for __use_two_region_memory
    startup.o(HEAP) refers (Special) to heapauxi.o(.text) for __use_two_region_memory
    startup.o(RESET) refers (Special) to heapauxi.o(.text) for __use_two_region_memory
    startup.o(RESET) refers to startup.o(STACK) for StackMem
    startup.o(RESET) refers to switch3.o(i.GPIOPortE_Handler) for GPIOPortE_Handler
    startup.o(RESET) refers to interrupt.o(i.GPIOPortF_Handler) for GPIOPortF_Handler
    startup.o(RESET) refers to __main.o(!!!main) for __main
    startup.o(.text) refers (Special) to heapauxi.o(.text) for __use_two_region_memory
    startup.o(.text) refers to startup.o(HEAP) for HeapMem
    startup.o(.text) refers to startup.o(STACK) for StackMem
    lcdtestmain.o(i.main) refers to _printf_pad.o(.text) for _printf_pre_padding
    lcdtestmain.o(i.main) refers to _printf_percent.o(.ARM.Collect$$_printf_percent$$00000000) for _printf_percent
    lcdtestmain.o(i.main) refers to _printf_d.o(.ARM.Collect$$_printf_percent$$00000009) for _printf_d
    lcdtestmain.o(i.main) refers to _printf_dec.o(.text) for _printf_int_dec
    lcdtestmain.o(i.main) refers to switch3.o(i.switch3_buzzer_init) for switch3_buzzer_init
    lcdtestmain.o(i.main) refers to lcd.o(i.LCD_Init) for LCD_Init
    lcdtestmain.o(i.main) refers to keypad.o(i.keypad_Init) for keypad_Init
    lcdtestmain.o(i.main) refers to lcd.o(i.LCD_Clear) for LCD_Clear
    lcdtestmain.o(i.main) refers to lcd.o(i.LCD_OutString) for LCD_OutString
    lcdtestmain.o(i.main) refers to systick.o(i.SysTick_Wait10ms) for SysTick_Wait10ms
    lcdtestmain.o(i.main) refers to interrupt.o(i.EdgeCounter_Init) for EdgeCounter_Init
    lcdtestmain.o(i.main) refers to keypad.o(i.keypad_getkey) for keypad_getkey
    lcdtestmain.o(i.main) refers to counting.o(i.counting) for counting
    lcdtestmain.o(i.main) refers to lcd.o(i.OutCmd) for OutCmd
    lcdtestmain.o(i.main) refers to lcd.o(i.LCD_OutChar) for LCD_OutChar
    lcdtestmain.o(i.main) refers to case b-c.o(i.CookingTime_case_B) for CookingTime_case_B
    lcdtestmain.o(i.main) refers to counting.o(i.calcTime) for calcTime
    lcdtestmain.o(i.main) refers to case b-c.o(i.CookingTime_case_C) for CookingTime_case_C
    lcdtestmain.o(i.main) refers to noretval__2snprintf.o(.text) for __2snprintf
    lcdtestmain.o(i.main) refers to strcat.o(.text) for strcat
    lcdtestmain.o(i.main) refers to cased.o(i.read_write) for read_write
    lcdtestmain.o(i.main) refers to cased.o(i.duration) for duration
    lcdtestmain.o(i.main) refers to lcdtestmain.o(.data) for time
    lcdtestmain.o(i.main) refers to interrupt.o(.data) for x
    systick.o(i.SysTick_Wait10ms) refers to systick.o(i.SysTick_Wait) for SysTick_Wait
    systick.o(i.SysTick_Wait1microsec) refers to systick.o(i.SysTick_Wait) for SysTick_Wait
    systick.o(i.SysTick_Wait1s) refers to systick.o(i.SysTick_Wait) for SysTick_Wait
    lcd.o(i.LCD_Clear) refers to lcd.o(i.OutCmd) for OutCmd
    lcd.o(i.LCD_Clear) refers to systick.o(i.SysTick_Wait1microsec) for SysTick_Wait1microsec
    lcd.o(i.LCD_Init) refers to systick.o(i.SysTick_Init) for SysTick_Init
    lcd.o(i.LCD_Init) refers to systick.o(i.SysTick_Wait1microsec) for SysTick_Wait1microsec
    lcd.o(i.LCD_Init) refers to lcd.o(i.OutCmd) for OutCmd
    lcd.o(i.LCD_OutChar) refers to systick.o(i.SysTick_Wait1microsec) for SysTick_Wait1microsec
    lcd.o(i.LCD_OutString) refers to lcd.o(i.LCD_OutChar) for LCD_OutChar
    lcd.o(i.LCD_OutUDec) refers to lcd.o(i.LCD_OutChar) for LCD_OutChar
    lcd.o(i.LCD_OutUHex) refers to lcd.o(i.LCD_OutChar) for LCD_OutChar
    lcd.o(i.OutCmd) refers to systick.o(i.SysTick_Wait1microsec) for SysTick_Wait1microsec
    keypad.o(i.keypad_getkey) refers to systick.o(i.SysTick_Wait1microsec) for SysTick_Wait1microsec
    keypad.o(i.keypad_getkey) refers to keypad.o(.constdata) for .constdata
    interrupt.o(i.EdgeCounter_Init) refers to startup.o(.text) for EnableInterrupts
    interrupt.o(i.EdgeCounter_Init) refers to interrupt.o(.data) for FallingEdges
    interrupt.o(i.GPIOPortF_Handler) refers to cased.o(i.reset) for reset
    interrupt.o(i.GPIOPortF_Handler) refers to lcd.o(i.LCD_Clear) for LCD_Clear
    interrupt.o(i.GPIOPortF_Handler) refers to lcd.o(i.LCD_OutString) for LCD_OutString
    interrupt.o(i.GPIOPortF_Handler) refers to systick.o(i.SysTick_Wait10ms) for SysTick_Wait10ms
    interrupt.o(i.GPIOPortF_Handler) refers to leds.o(i.LEDS_OFF) for LEDS_OFF
    interrupt.o(i.GPIOPortF_Handler) refers to cased.o(.data) for caseD
    interrupt.o(i.GPIOPortF_Handler) refers to interrupt.o(.data) for isPlay
    leds.o(i.LEDS_BLINK_3times) refers to leds.o(i.LEDS_OFF) for LEDS_OFF
    leds.o(i.LEDS_BLINK_3times) refers to systick.o(i.SysTick_Wait10ms) for SysTick_Wait10ms
    leds.o(i.LEDS_BLINK_3times) refers to leds.o(i.LEDS_ON) for LEDS_ON
    case b-c.o(i.CookingTime_case_B) refers to dflt_clz.o(x$fpl$dflt) for __aeabi_i2d
    case b-c.o(i.CookingTime_case_B) refers to dmul.o(x$fpl$dmul) for __aeabi_dmul
    case b-c.o(i.CookingTime_case_B) refers to dfix.o(x$fpl$dfix) for __aeabi_d2iz
    case b-c.o(i.CookingTime_case_C) refers to dflt_clz.o(x$fpl$dflt) for __aeabi_i2d
    case b-c.o(i.CookingTime_case_C) refers to dmul.o(x$fpl$dmul) for __aeabi_dmul
    case b-c.o(i.CookingTime_case_C) refers to dfix.o(x$fpl$dfix) for __aeabi_d2iz
    switch3.o(i.GPIOPortE_Handler) refers to systick.o(i.SysTick_Wait10ms) for SysTick_Wait10ms
    switch3.o(i.GPIOPortE_Handler) refers to lcd.o(i.LCD_Clear) for LCD_Clear
    switch3.o(i.GPIOPortE_Handler) refers to lcd.o(i.LCD_OutString) for LCD_OutString
    switch3.o(i.GPIOPortE_Handler) refers to leds.o(i.LEDS_OFF) for LEDS_OFF
    switch3.o(i.GPIOPortE_Handler) refers to interrupt.o(.data) for isPlay
    switch3.o(i.switch3_buzzer_init) refers to startup.o(.text) for EnableInterrupts
    counting.o(i.counting) refers to _printf_pad.o(.text) for _printf_pre_padding
    counting.o(i.counting) refers to _printf_percent.o(.ARM.Collect$$_printf_percent$$00000000) for _printf_percent
    counting.o(i.counting) refers to _printf_d.o(.ARM.Collect$$_printf_percent$$00000009) for _printf_d
    counting.o(i.counting) refers to _printf_dec.o(.text) for _printf_int_dec
    counting.o(i.counting) refers to systick.o(i.SysTick_Wait10ms) for SysTick_Wait10ms
    counting.o(i.counting) refers to lcd.o(i.LCD_Clear) for LCD_Clear
    counting.o(i.counting) refers to leds.o(i.LEDS_ON) for LEDS_ON
    counting.o(i.counting) refers to noretval__2snprintf.o(.text) for __2snprintf
    counting.o(i.counting) refers to strcat.o(.text) for strcat
    counting.o(i.counting) refers to lcd.o(i.LCD_OutString) for LCD_OutString
    counting.o(i.counting) refers to leds.o(i.LEDS_BLINK_3times) for LEDS_BLINK_3times
    counting.o(i.counting) refers to interrupt.o(.data) for isPlay
    counting.o(i.counting) refers to counting.o(.data) for buffer2
    cased.o(i.check) refers to cased.o(.data) for temp
    cased.o(i.duration) refers to cased.o(.data) for temp
    cased.o(i.get_input) refers to cased.o(.data) for i
    cased.o(i.read_write) refers to cased.o(i.reset) for reset
    cased.o(i.read_write) refers to lcd.o(i.LCD_Clear) for LCD_Clear
    cased.o(i.read_write) refers to lcd.o(i.LCD_OutString) for LCD_OutString
    cased.o(i.read_write) refers to systick.o(i.SysTick_Wait10ms) for SysTick_Wait10ms
    cased.o(i.read_write) refers to keypad.o(i.keypad_getkey) for keypad_getkey
    cased.o(i.read_write) refers to cased.o(i.get_input) for get_input
    cased.o(i.read_write) refers to cased.o(i.show_user_value) for show_user_value
    cased.o(i.read_write) refers to cased.o(.data) for caseD
    cased.o(i.reset) refers to lcd.o(i.LCD_Clear) for LCD_Clear
    cased.o(i.reset) refers to lcd.o(i.LCD_OutChar) for LCD_OutChar
    cased.o(i.reset) refers to cased.o(.data) for n
    cased.o(i.show_user_value) refers to lcdcommand.o(i.LCD_setRowCol) for LCD_setRowCol
    cased.o(i.show_user_value) refers to lcd.o(i.LCD_OutChar) for LCD_OutChar
    cased.o(i.show_user_value) refers to lcdcommand.o(i.LCD_command) for LCD_command
    cased.o(i.show_user_value) refers to cased.o(.data) for arr
    lcdcommand.o(i.LCD_command) refers to systick.o(i.SysTick_Wait1microsec) for SysTick_Wait1microsec
    lcdcommand.o(i.LCD_command) refers to systick.o(i.SysTick_Wait10ms) for SysTick_Wait10ms
    lcdcommand.o(i.LCD_setRowCol) refers to lcdcommand.o(i.LCD_command) for LCD_command
    __2snprintf.o(.text) refers to _printf_char_common.o(.text) for _printf_char_common
    __2snprintf.o(.text) refers to _sputc.o(.text) for _sputc
    __2snprintf.o(.text) refers to _snputc.o(.text) for _snputc
    noretval__2snprintf.o(.text) refers to _printf_char_common.o(.text) for _printf_char_common
    noretval__2snprintf.o(.text) refers to _sputc.o(.text) for _sputc
    noretval__2snprintf.o(.text) refers to _snputc.o(.text) for _snputc
    __printf.o(.text) refers to _printf_percent.o(.ARM.Collect$$_printf_percent$$00000000) for _printf_percent
    _printf_dec.o(.text) refers to _printf_intcommon.o(.text) for _printf_int_common
    __printf_flags.o(.text) refers to _printf_percent.o(.ARM.Collect$$_printf_percent$$00000000) for _printf_percent
    __printf_flags.o(.text) refers to __printf_flags.o(.constdata) for .constdata
    __printf_ss.o(.text) refers to _printf_percent.o(.ARM.Collect$$_printf_percent$$00000000) for _printf_percent
    __printf_flags_ss.o(.text) refers to _printf_percent.o(.ARM.Collect$$_printf_percent$$00000000) for _printf_percent
    __printf_flags_ss.o(.text) refers to __printf_flags_ss.o(.constdata) for .constdata
    __printf_wp.o(.text) refers to __printf_wp.o(i._is_digit) for _is_digit
    __printf_wp.o(.text) refers to _printf_percent.o(.ARM.Collect$$_printf_percent$$00000000) for _printf_percent
    __printf_flags_wp.o(.text) refers to __printf_wp.o(i._is_digit) for _is_digit
    __printf_flags_wp.o(.text) refers to _printf_percent.o(.ARM.Collect$$_printf_percent$$00000000) for _printf_percent
    __printf_flags_wp.o(.text) refers to __printf_flags_wp.o(.constdata) for .constdata
    __printf_ss_wp.o(.text) refers to __printf_wp.o(i._is_digit) for _is_digit
    __printf_ss_wp.o(.text) refers to _printf_percent.o(.ARM.Collect$$_printf_percent$$00000000) for _printf_percent
    __printf_flags_ss_wp.o(.text) refers to __printf_wp.o(i._is_digit) for _is_digit
    __printf_flags_ss_wp.o(.text) refers to _printf_percent.o(.ARM.Collect$$_printf_percent$$00000000) for _printf_percent
    __printf_flags_ss_wp.o(.text) refers to __printf_flags_ss_wp.o(.constdata) for .constdata
    _printf_d.o(.ARM.Collect$$_printf_percent$$00000009) refers (Weak) to _printf_dec.o(.text) for _printf_int_dec
    _printf_percent.o(.ARM.Collect$$_printf_percent$$00000000) refers (Special) to _printf_percent_end.o(.ARM.Collect$$_printf_percent$$00000017) for _printf_percent_end
    __main.o(!!!main) refers to rtentry.o(.ARM.Collect$$rtentry$$00000000) for __rt_entry
    dfix.o(x$fpl$dfix) refers (Special) to usenofp.o(x$fpl$usenofp) for __I$use$fp
    dfix.o(x$fpl$dfix) refers to dnaninf.o(x$fpl$dnaninf) for __fpl_dnaninf
    dfix.o(x$fpl$dfixr) refers (Special) to usenofp.o(x$fpl$usenofp) for __I$use$fp
    dfix.o(x$fpl$dfixr) refers to dnaninf.o(x$fpl$dnaninf) for __fpl_dnaninf
    dflt_clz.o(x$fpl$dfltu) refers (Special) to usenofp.o(x$fpl$usenofp) for __I$use$fp
    dflt_clz.o(x$fpl$dflt) refers (Special) to usenofp.o(x$fpl$usenofp) for __I$use$fp
    dflt_clz.o(x$fpl$dfltn) refers (Special) to usenofp.o(x$fpl$usenofp) for __I$use$fp
    dmul.o(x$fpl$dmul) refers (Special) to usenofp.o(x$fpl$usenofp) for __I$use$fp
    dmul.o(x$fpl$dmul) refers to dretinf.o(x$fpl$dretinf) for __fpl_dretinf
    dmul.o(x$fpl$dmul) refers to dnaninf.o(x$fpl$dnaninf) for __fpl_dnaninf
    rtentry.o(.ARM.Collect$$rtentry$$00000000) refers (Special) to rtentry2.o(.ARM.Collect$$rtentry$$0000000A) for __rt_entry_li
    rtentry.o(.ARM.Collect$$rtentry$$00000000) refers (Special) to rtentry2.o(.ARM.Collect$$rtentry$$0000000D) for __rt_entry_main
    rtentry.o(.ARM.Collect$$rtentry$$00000000) refers (Special) to rtentry2.o(.ARM.Collect$$rtentry$$0000000C) for __rt_entry_postli_1
    rtentry.o(.ARM.Collect$$rtentry$$00000000) refers (Special) to rtentry2.o(.ARM.Collect$$rtentry$$00000009) for __rt_entry_postsh_1
    rtentry.o(.ARM.Collect$$rtentry$$00000000) refers (Special) to rtentry2.o(.ARM.Collect$$rtentry$$00000002) for __rt_entry_presh_1
    rtentry.o(.ARM.Collect$$rtentry$$00000000) refers (Special) to rtentry4.o(.ARM.Collect$$rtentry$$00000004) for __rt_entry_sh
    _printf_intcommon.o(.text) refers (Weak) to _printf_pad.o(.text) for _printf_pre_padding
    _printf_intcommon.o(.text) refers (Weak) to _printf_pad.o(.text) for _printf_pre_padding
    _printf_intcommon.o(.text) refers (Weak) to _printf_pad.o(.text) for _printf_post_padding
    _printf_char_common.o(.text) refers to __printf_flags_wp.o(.text) for __printf
    dnaninf.o(x$fpl$dnaninf) refers (Special) to usenofp.o(x$fpl$usenofp) for __I$use$fp
    dretinf.o(x$fpl$dretinf) refers (Special) to usenofp.o(x$fpl$usenofp) for __I$use$fp
    rtentry2.o(.ARM.Collect$$rtentry$$00000008) refers to boardinit2.o(.text) for _platform_post_stackheap_init
    rtentry2.o(.ARM.Collect$$rtentry$$0000000A) refers to libinit.o(.ARM.Collect$$libinit$$00000000) for __rt_lib_init
    rtentry2.o(.ARM.Collect$$rtentry$$0000000B) refers to boardinit3.o(.text) for _platform_post_lib_init
    rtentry2.o(.ARM.Collect$$rtentry$$0000000D) refers to lcdtestmain.o(i.main) for main
    rtentry2.o(.ARM.Collect$$rtentry$$0000000D) refers to exit.o(.text) for exit
    rtentry2.o(.ARM.exidx) refers to rtentry2.o(.ARM.Collect$$rtentry$$00000001) for .ARM.Collect$$rtentry$$00000001
    rtentry2.o(.ARM.exidx) refers to rtentry2.o(.ARM.Collect$$rtentry$$00000008) for .ARM.Collect$$rtentry$$00000008
    rtentry2.o(.ARM.exidx) refers to rtentry2.o(.ARM.Collect$$rtentry$$0000000A) for .ARM.Collect$$rtentry$$0000000A
    rtentry2.o(.ARM.exidx) refers to rtentry2.o(.ARM.Collect$$rtentry$$0000000B) for .ARM.Collect$$rtentry$$0000000B
    rtentry2.o(.ARM.exidx) refers to rtentry2.o(.ARM.Collect$$rtentry$$0000000D) for .ARM.Collect$$rtentry$$0000000D
    rtentry4.o(.ARM.Collect$$rtentry$$00000004) refers to sys_stackheap_outer.o(.text) for __user_setup_stackheap
    rtentry4.o(.ARM.exidx) refers to rtentry4.o(.ARM.Collect$$rtentry$$00000004) for .ARM.Collect$$rtentry$$00000004
    sys_stackheap_outer.o(.text) refers to libspace.o(.text) for __user_perproc_libspace
    sys_stackheap_outer.o(.text) refers to startup.o(.text) for __user_initial_stackheap
    exit.o(.text) refers to rtexit.o(.ARM.Collect$$rtexit$$00000000) for __rt_exit
    libinit.o(.ARM.Collect$$libinit$$00000000) refers (Special) to libinit2.o(.ARM.Collect$$libinit$$0000002C) for __rt_lib_init_alloca_1
    libinit.o(.ARM.Collect$$libinit$$00000000) refers (Special) to libinit2.o(.ARM.Collect$$libinit$$0000002A) for __rt_lib_init_argv_1
    libinit.o(.ARM.Collect$$libinit$$00000000) refers (Special) to libinit2.o(.ARM.Collect$$libinit$$00000019) for __rt_lib_init_atexit_1
    libinit.o(.ARM.Collect$$libinit$$00000000) refers (Special) to libinit2.o(.ARM.Collect$$libinit$$0000001F) for __rt_lib_init_clock_1
    libinit.o(.ARM.Collect$$libinit$$00000000) refers (Special) to libinit2.o(.ARM.Collect$$libinit$$00000030) for __rt_lib_init_cpp_1
    libinit.o(.ARM.Collect$$libinit$$00000000) refers (Special) to libinit2.o(.ARM.Collect$$libinit$$0000002E) for __rt_lib_init_exceptions_1
    libinit.o(.ARM.Collect$$libinit$$00000000) refers (Special) to libinit2.o(.ARM.Collect$$libinit$$00000002) for __rt_lib_init_fp_1
    libinit.o(.ARM.Collect$$libinit$$00000000) refers (Special) to libinit2.o(.ARM.Collect$$libinit$$0000001D) for __rt_lib_init_fp_trap_1
    libinit.o(.ARM.Collect$$libinit$$00000000) refers (Special) to libinit2.o(.ARM.Collect$$libinit$$00000021) for __rt_lib_init_getenv_1
    libinit.o(.ARM.Collect$$libinit$$00000000) refers (Special) to libinit2.o(.ARM.Collect$$libinit$$00000008) for __rt_lib_init_heap_1
    libinit.o(.ARM.Collect$$libinit$$00000000) refers (Special) to libinit2.o(.ARM.Collect$$libinit$$0000000F) for __rt_lib_init_lc_collate_1
    libinit.o(.ARM.Collect$$libinit$$00000000) refers (Special) to libinit2.o(.ARM.Collect$$libinit$$00000011) for __rt_lib_init_lc_ctype_1
    libinit.o(.ARM.Collect$$libinit$$00000000) refers (Special) to libinit2.o(.ARM.Collect$$libinit$$00000013) for __rt_lib_init_lc_monetary_1
    libinit.o(.ARM.Collect$$libinit$$00000000) refers (Special) to libinit2.o(.ARM.Collect$$libinit$$00000015) for __rt_lib_init_lc_numeric_1
    libinit.o(.ARM.Collect$$libinit$$00000000) refers (Special) to libinit2.o(.ARM.Collect$$libinit$$00000017) for __rt_lib_init_lc_time_1
    libinit.o(.ARM.Collect$$libinit$$00000000) refers (Special) to libinit2.o(.ARM.Collect$$libinit$$0000000C) for __rt_lib_init_rand_1
    libinit.o(.ARM.Collect$$libinit$$00000000) refers (Special) to libinit2.o(.ARM.Collect$$libinit$$00000031) for __rt_lib_init_return
    libinit.o(.ARM.Collect$$libinit$$00000000) refers (Special) to libinit2.o(.ARM.Collect$$libinit$$0000001B) for __rt_lib_init_signal_1
    libinit.o(.ARM.Collect$$libinit$$00000000) refers (Special) to libinit2.o(.ARM.Collect$$libinit$$00000023) for __rt_lib_init_stdio_1
    libinit.o(.ARM.Collect$$libinit$$00000000) refers (Special) to libinit2.o(.ARM.Collect$$libinit$$0000000A) for __rt_lib_init_user_alloc_1
    libspace.o(.text) refers to libspace.o(.bss) for __libspace_start
    rtexit.o(.ARM.Collect$$rtexit$$00000000) refers (Special) to rtexit2.o(.ARM.Collect$$rtexit$$00000004) for __rt_exit_exit
    rtexit.o(.ARM.Collect$$rtexit$$00000000) refers (Special) to rtexit2.o(.ARM.Collect$$rtexit$$00000003) for __rt_exit_ls
    rtexit.o(.ARM.Collect$$rtexit$$00000000) refers (Special) to rtexit2.o(.ARM.Collect$$rtexit$$00000002) for __rt_exit_prels_1
    rtexit.o(.ARM.exidx) refers (Special) to rtexit2.o(.ARM.Collect$$rtexit$$00000004) for __rt_exit_exit
    rtexit.o(.ARM.exidx) refers (Special) to rtexit2.o(.ARM.Collect$$rtexit$$00000003) for __rt_exit_ls
    rtexit.o(.ARM.exidx) refers (Special) to rtexit2.o(.ARM.Collect$$rtexit$$00000002) for __rt_exit_prels_1
    rtexit.o(.ARM.exidx) refers to rtexit.o(.ARM.Collect$$rtexit$$00000000) for .ARM.Collect$$rtexit$$00000000
    libinit2.o(.ARM.Collect$$libinit$$0000000E) refers to libinit2.o(.ARM.Collect$$libinit$$0000000D) for .ARM.Collect$$libinit$$0000000D
    libinit2.o(.ARM.Collect$$libinit$$00000010) refers to libinit2.o(.ARM.Collect$$libinit$$0000000D) for .ARM.Collect$$libinit$$0000000D
    libinit2.o(.ARM.Collect$$libinit$$00000012) refers to libinit2.o(.ARM.Collect$$libinit$$0000000D) for .ARM.Collect$$libinit$$0000000D
    libinit2.o(.ARM.Collect$$libinit$$00000014) refers to libinit2.o(.ARM.Collect$$libinit$$0000000D) for .ARM.Collect$$libinit$$0000000D
    libinit2.o(.ARM.Collect$$libinit$$00000016) refers to libinit2.o(.ARM.Collect$$libinit$$0000000D) for .ARM.Collect$$libinit$$0000000D
    libinit2.o(.ARM.Collect$$libinit$$00000024) refers to argv_veneer.o(.emb_text) for __ARM_argv_veneer
    libinit2.o(.ARM.Collect$$libinit$$00000025) refers to argv_veneer.o(.emb_text) for __ARM_argv_veneer
    rtexit2.o(.ARM.Collect$$rtexit$$00000003) refers to libshutdown.o(.ARM.Collect$$libshutdown$$00000000) for __rt_lib_shutdown
    rtexit2.o(.ARM.Collect$$rtexit$$00000004) refers to sys_exit.o(.text) for _sys_exit
    rtexit2.o(.ARM.exidx) refers to rtexit2.o(.ARM.Collect$$rtexit$$00000001) for .ARM.Collect$$rtexit$$00000001
    rtexit2.o(.ARM.exidx) refers to rtexit2.o(.ARM.Collect$$rtexit$$00000003) for .ARM.Collect$$rtexit$$00000003
    rtexit2.o(.ARM.exidx) refers to rtexit2.o(.ARM.Collect$$rtexit$$00000004) for .ARM.Collect$$rtexit$$00000004
    argv_veneer.o(.emb_text) refers to no_argv.o(.text) for __ARM_get_argv
    sys_exit.o(.text) refers (Special) to use_no_semi.o(.text) for __I$use$semihosting
    sys_exit.o(.text) refers (Special) to indicate_semi.o(.text) for __semihosting_library_function
    _get_argv_nomalloc.o(.text) refers (Special) to hrguard.o(.text) for __heap_region$guard
    _get_argv_nomalloc.o(.text) refers to defsig_rtmem_outer.o(.text) for __rt_SIGRTMEM
    _get_argv_nomalloc.o(.text) refers to sys_command.o(.text) for _sys_command_string
    libshutdown.o(.ARM.Collect$$libshutdown$$00000000) refers (Special) to libshutdown2.o(.ARM.Collect$$libshutdown$$00000006) for __rt_lib_shutdown_fp_trap_1
    libshutdown.o(.ARM.Collect$$libshutdown$$00000000) refers (Special) to libshutdown2.o(.ARM.Collect$$libshutdown$$0000000E) for __rt_lib_shutdown_heap_1
    libshutdown.o(.ARM.Collect$$libshutdown$$00000000) refers (Special) to libshutdown2.o(.ARM.Collect$$libshutdown$$0000000F) for __rt_lib_shutdown_return
    libshutdown.o(.ARM.Collect$$libshutdown$$00000000) refers (Special) to libshutdown2.o(.ARM.Collect$$libshutdown$$00000009) for __rt_lib_shutdown_signal_1
    libshutdown.o(.ARM.Collect$$libshutdown$$00000000) refers (Special) to libshutdown2.o(.ARM.Collect$$libshutdown$$00000003) for __rt_lib_shutdown_stdio_1
    libshutdown.o(.ARM.Collect$$libshutdown$$00000000) refers (Special) to libshutdown2.o(.ARM.Collect$$libshutdown$$0000000B) for __rt_lib_shutdown_user_alloc_1
    sys_command.o(.text) refers (Special) to use_no_semi.o(.text) for __I$use$semihosting
    sys_command.o(.text) refers (Special) to indicate_semi.o(.text) for __semihosting_library_function
    defsig_rtmem_outer.o(.text) refers to defsig_rtmem_inner.o(.text) for __rt_SIGRTMEM_inner
    defsig_rtmem_outer.o(.text) refers to defsig_exit.o(.text) for __sig_exit
    defsig_rtmem_formal.o(.text) refers to rt_raise.o(.text) for __rt_raise
    rt_raise.o(.text) refers to __raise.o(.text) for __raise
    rt_raise.o(.text) refers to sys_exit.o(.text) for _sys_exit
    defsig_exit.o(.text) refers to sys_exit.o(.text) for _sys_exit
    defsig_rtmem_inner.o(.text) refers to defsig_general.o(.text) for __default_signal_display
    __raise.o(.text) refers to defsig.o(CL$$defsig) for __default_signal_handler
    defsig_general.o(.text) refers to sys_wrch.o(.text) for _ttywrch
    sys_wrch.o(.text) refers (Special) to use_no_semi.o(.text) for __I$use$semihosting
    sys_wrch.o(.text) refers (Special) to indicate_semi.o(.text) for __semihosting_library_function
    defsig.o(CL$$defsig) refers to defsig_rtmem_inner.o(.text) for __rt_SIGRTMEM_inner
    defsig_abrt_inner.o(.text) refers to defsig_general.o(.text) for __default_signal_display
    defsig_fpe_inner.o(.text) refers to defsig_general.o(.text) for __default_signal_display
    defsig_rtred_inner.o(.text) refers to defsig_general.o(.text) for __default_signal_display
    defsig_stak_inner.o(.text) refers to defsig_general.o(.text) for __default_signal_display
    defsig_pvfn_inner.o(.text) refers to defsig_general.o(.text) for __default_signal_display
    defsig_cppl_inner.o(.text) refers to defsig_general.o(.text) for __default_signal_display
    defsig_segv_inner.o(.text) refers to defsig_general.o(.text) for __default_signal_display
    defsig_other.o(.text) refers to defsig_general.o(.text) for __default_signal_display


==============================================================================

Removing Unused input sections from the image.

    Removing systick.o(i.SysTick_Wait1s), (28 bytes).
    Removing lcd.o(i.LCD_OutUDec), (42 bytes).
    Removing lcd.o(i.LCD_OutUHex), (52 bytes).
    Removing cased.o(i.check), (28 bytes).
    Removing cased.o(i.sw1_sw2Init), (156 bytes).
    Removing cased.o(i.sw3_Init), (156 bytes).
    Removing cased.o(i.sw3_input), (16 bytes).
    Removing cased.o(i.sw_input), (16 bytes).

8 unused section(s) (total 494 bytes) removed from the image.

==============================================================================

Image Symbol Table

    Local Symbols

    Symbol Name                              Value     Ov Type        Size  Object(Section)

    RESET                                    0x00000000   Section      644  startup.o(RESET)
    ../clib/angel/boardlib.s                 0x00000000   Number         0  boardinit1.o ABSOLUTE
    ../clib/angel/boardlib.s                 0x00000000   Number         0  boardshut.o ABSOLUTE
    ../clib/angel/boardlib.s                 0x00000000   Number         0  boardinit3.o ABSOLUTE
    ../clib/angel/boardlib.s                 0x00000000   Number         0  boardinit2.o ABSOLUTE
    ../clib/angel/handlers.s                 0x00000000   Number         0  __scatter_zi.o ABSOLUTE
    ../clib/angel/handlers.s                 0x00000000   Number         0  __scatter_copy.o ABSOLUTE
    ../clib/angel/kernel.s                   0x00000000   Number         0  rtexit2.o ABSOLUTE
    ../clib/angel/kernel.s                   0x00000000   Number         0  rtentry2.o ABSOLUTE
    ../clib/angel/kernel.s                   0x00000000   Number         0  rtentry.o ABSOLUTE
    ../clib/angel/kernel.s                   0x00000000   Number         0  rtexit.o ABSOLUTE
    ../clib/angel/kernel.s                   0x00000000   Number         0  rtentry4.o ABSOLUTE
    ../clib/angel/rt.s                       0x00000000   Number         0  rt_raise.o ABSOLUTE
    ../clib/angel/scatter.s                  0x00000000   Number         0  __scatter.o ABSOLUTE
    ../clib/angel/startup.s                  0x00000000   Number         0  __main.o ABSOLUTE
    ../clib/angel/sys.s                      0x00000000   Number         0  use_no_semi.o ABSOLUTE
    ../clib/angel/sys.s                      0x00000000   Number         0  sys_stackheap_outer.o ABSOLUTE
    ../clib/angel/sys.s                      0x00000000   Number         0  indicate_semi.o ABSOLUTE
    ../clib/angel/sys.s                      0x00000000   Number         0  libspace.o ABSOLUTE
    ../clib/angel/sysapp.c                   0x00000000   Number         0  sys_command.o ABSOLUTE
    ../clib/angel/sysapp.c                   0x00000000   Number         0  sys_wrch.o ABSOLUTE
    ../clib/angel/sysapp.c                   0x00000000   Number         0  sys_exit.o ABSOLUTE
    ../clib/armsys.c                         0x00000000   Number         0  argv_veneer.o ABSOLUTE
    ../clib/armsys.c                         0x00000000   Number         0  no_argv.o ABSOLUTE
    ../clib/armsys.c                         0x00000000   Number         0  _get_argv_nomalloc.o ABSOLUTE
    ../clib/armsys.c                         0x00000000   Number         0  argv_veneer.o ABSOLUTE
    ../clib/heapalloc.c                      0x00000000   Number         0  hrguard.o ABSOLUTE
    ../clib/heapaux.c                        0x00000000   Number         0  heapauxi.o ABSOLUTE
    ../clib/libinit.s                        0x00000000   Number         0  libshutdown2.o ABSOLUTE
    ../clib/libinit.s                        0x00000000   Number         0  libshutdown.o ABSOLUTE
    ../clib/libinit.s                        0x00000000   Number         0  libinit.o ABSOLUTE
    ../clib/libinit.s                        0x00000000   Number         0  libinit2.o ABSOLUTE
    ../clib/misc.s                           0x00000000   Number         0  printf_stubs.o ABSOLUTE
    ../clib/printf.c                         0x00000000   Number         0  _printf_char_common.o ABSOLUTE
    ../clib/printf.c                         0x00000000   Number         0  __printf.o ABSOLUTE
    ../clib/printf.c                         0x00000000   Number         0  _sputc.o ABSOLUTE
    ../clib/printf.c                         0x00000000   Number         0  _printf_dec.o ABSOLUTE
    ../clib/printf.c                         0x00000000   Number         0  __printf_flags.o ABSOLUTE
    ../clib/printf.c                         0x00000000   Number         0  _snputc.o ABSOLUTE
    ../clib/printf.c                         0x00000000   Number         0  __printf_ss.o ABSOLUTE
    ../clib/printf.c                         0x00000000   Number         0  __printf_flags_ss.o ABSOLUTE
    ../clib/printf.c                         0x00000000   Number         0  _printf_pad.o ABSOLUTE
    ../clib/printf.c                         0x00000000   Number         0  __printf_wp.o ABSOLUTE
    ../clib/printf.c                         0x00000000   Number         0  __printf_flags_wp.o ABSOLUTE
    ../clib/printf.c                         0x00000000   Number         0  __printf_flags_ss_wp.o ABSOLUTE
    ../clib/printf.c                         0x00000000   Number         0  __printf_nopercent.o ABSOLUTE
    ../clib/printf.c                         0x00000000   Number         0  _printf_intcommon.o ABSOLUTE
    ../clib/printf.c                         0x00000000   Number         0  __printf_ss_wp.o ABSOLUTE
    ../clib/printf.c                         0x00000000   Number         0  __2snprintf.o ABSOLUTE
    ../clib/printf.c                         0x00000000   Number         0  noretval__2snprintf.o ABSOLUTE
    ../clib/printf_percent.s                 0x00000000   Number         0  _printf_percent_end.o ABSOLUTE
    ../clib/printf_percent.s                 0x00000000   Number         0  _printf_percent.o ABSOLUTE
    ../clib/printf_percent.s                 0x00000000   Number         0  _printf_d.o ABSOLUTE
    ../clib/signal.c                         0x00000000   Number         0  defsig_stak_inner.o ABSOLUTE
    ../clib/signal.c                         0x00000000   Number         0  defsig_rtred_inner.o ABSOLUTE
    ../clib/signal.c                         0x00000000   Number         0  defsig_other.o ABSOLUTE
    ../clib/signal.c                         0x00000000   Number         0  defsig_segv_inner.o ABSOLUTE
    ../clib/signal.c                         0x00000000   Number         0  defsig_fpe_inner.o ABSOLUTE
    ../clib/signal.c                         0x00000000   Number         0  defsig_abrt_inner.o ABSOLUTE
    ../clib/signal.c                         0x00000000   Number         0  defsig_rtmem_outer.o ABSOLUTE
    ../clib/signal.c                         0x00000000   Number         0  defsig_rtmem_formal.o ABSOLUTE
    ../clib/signal.c                         0x00000000   Number         0  defsig_rtmem_inner.o ABSOLUTE
    ../clib/signal.c                         0x00000000   Number         0  __raise.o ABSOLUTE
    ../clib/signal.c                         0x00000000   Number         0  defsig_general.o ABSOLUTE
    ../clib/signal.c                         0x00000000   Number         0  defsig_pvfn_inner.o ABSOLUTE
    ../clib/signal.c                         0x00000000   Number         0  defsig_cppl_inner.o ABSOLUTE
    ../clib/signal.c                         0x00000000   Number         0  defsig_exit.o ABSOLUTE
    ../clib/signal.s                         0x00000000   Number         0  defsig.o ABSOLUTE
    ../clib/stdlib.c                         0x00000000   Number         0  exit.o ABSOLUTE
    ../clib/string.c                         0x00000000   Number         0  strcat.o ABSOLUTE
    ../fplib/dfix.s                          0x00000000   Number         0  dfix.o ABSOLUTE
    ../fplib/dflt.s                          0x00000000   Number         0  dflt_clz.o ABSOLUTE
    ../fplib/dmul.s                          0x00000000   Number         0  dmul.o ABSOLUTE
    ../fplib/dnaninf.s                       0x00000000   Number         0  dnaninf.o ABSOLUTE
    ../fplib/dretinf.s                       0x00000000   Number         0  dretinf.o ABSOLUTE
    ../fplib/fpinit.s                        0x00000000   Number         0  fpinit.o ABSOLUTE
    ../fplib/usenofp.s                       0x00000000   Number         0  usenofp.o ABSOLUTE
    LCDTestMain.c                            0x00000000   Number         0  lcdtestmain.o ABSOLUTE
    LcdCommand.c                             0x00000000   Number         0  lcdcommand.o ABSOLUTE
    SysTick.c                                0x00000000   Number         0  systick.o ABSOLUTE
    case B-C.c                               0x00000000   Number         0  case b-c.o ABSOLUTE
    caseD.c                                  0x00000000   Number         0  cased.o ABSOLUTE
    counting.c                               0x00000000   Number         0  counting.o ABSOLUTE
    dc.s                                     0x00000000   Number         0  dc.o ABSOLUTE
    interrupt.c                              0x00000000   Number         0  interrupt.o ABSOLUTE
    keypad.c                                 0x00000000   Number         0  keypad.o ABSOLUTE
    lcd.c                                    0x00000000   Number         0  lcd.o ABSOLUTE
    leds.c                                   0x00000000   Number         0  leds.o ABSOLUTE
    startup.s                                0x00000000   Number         0  startup.o ABSOLUTE
    switch3.c                                0x00000000   Number         0  switch3.o ABSOLUTE
    !!!main                                  0x00000284   Section        8  __main.o(!!!main)
    !!!scatter                               0x0000028c   Section       52  __scatter.o(!!!scatter)
    !!handler_copy                           0x000002c0   Section       26  __scatter_copy.o(!!handler_copy)
    !!handler_zi                             0x000002dc   Section       28  __scatter_zi.o(!!handler_zi)
    .ARM.Collect$$_printf_percent$$00000000  0x000002f8   Section        0  _printf_percent.o(.ARM.Collect$$_printf_percent$$00000000)
    .ARM.Collect$$_printf_percent$$00000009  0x000002f8   Section        6  _printf_d.o(.ARM.Collect$$_printf_percent$$00000009)
    .ARM.Collect$$_printf_percent$$00000017  0x000002fe   Section        4  _printf_percent_end.o(.ARM.Collect$$_printf_percent$$00000017)
    .ARM.Collect$$libinit$$00000000          0x00000302   Section        2  libinit.o(.ARM.Collect$$libinit$$00000000)
    .ARM.Collect$$libinit$$00000002          0x00000304   Section        0  libinit2.o(.ARM.Collect$$libinit$$00000002)
    .ARM.Collect$$libinit$$00000008          0x00000304   Section        0  libinit2.o(.ARM.Collect$$libinit$$00000008)
    .ARM.Collect$$libinit$$0000000A          0x00000304   Section        0  libinit2.o(.ARM.Collect$$libinit$$0000000A)
    .ARM.Collect$$libinit$$0000000C          0x00000304   Section        0  libinit2.o(.ARM.Collect$$libinit$$0000000C)
    .ARM.Collect$$libinit$$0000000F          0x00000304   Section        0  libinit2.o(.ARM.Collect$$libinit$$0000000F)
    .ARM.Collect$$libinit$$00000011          0x00000304   Section        0  libinit2.o(.ARM.Collect$$libinit$$00000011)
    .ARM.Collect$$libinit$$00000013          0x00000304   Section        0  libinit2.o(.ARM.Collect$$libinit$$00000013)
    .ARM.Collect$$libinit$$00000015          0x00000304   Section        0  libinit2.o(.ARM.Collect$$libinit$$00000015)
    .ARM.Collect$$libinit$$00000017          0x00000304   Section        0  libinit2.o(.ARM.Collect$$libinit$$00000017)
    .ARM.Collect$$libinit$$00000019          0x00000304   Section        0  libinit2.o(.ARM.Collect$$libinit$$00000019)
    .ARM.Collect$$libinit$$0000001B          0x00000304   Section        0  libinit2.o(.ARM.Collect$$libinit$$0000001B)
    .ARM.Collect$$libinit$$0000001D          0x00000304   Section        0  libinit2.o(.ARM.Collect$$libinit$$0000001D)
    .ARM.Collect$$libinit$$0000001F          0x00000304   Section        0  libinit2.o(.ARM.Collect$$libinit$$0000001F)
    .ARM.Collect$$libinit$$00000021          0x00000304   Section        0  libinit2.o(.ARM.Collect$$libinit$$00000021)
    .ARM.Collect$$libinit$$00000023          0x00000304   Section        0  libinit2.o(.ARM.Collect$$libinit$$00000023)
    .ARM.Collect$$libinit$$0000002A          0x00000304   Section        0  libinit2.o(.ARM.Collect$$libinit$$0000002A)
    .ARM.Collect$$libinit$$0000002C          0x00000304   Section        0  libinit2.o(.ARM.Collect$$libinit$$0000002C)
    .ARM.Collect$$libinit$$0000002E          0x00000304   Section        0  libinit2.o(.ARM.Collect$$libinit$$0000002E)
    .ARM.Collect$$libinit$$00000030          0x00000304   Section        0  libinit2.o(.ARM.Collect$$libinit$$00000030)
    .ARM.Collect$$libinit$$00000031          0x00000304   Section        2  libinit2.o(.ARM.Collect$$libinit$$00000031)
    .ARM.Collect$$libshutdown$$00000000      0x00000306   Section        2  libshutdown.o(.ARM.Collect$$libshutdown$$00000000)
    .ARM.Collect$$libshutdown$$00000003      0x00000308   Section        0  libshutdown2.o(.ARM.Collect$$libshutdown$$00000003)
    .ARM.Collect$$libshutdown$$00000006      0x00000308   Section        0  libshutdown2.o(.ARM.Collect$$libshutdown$$00000006)
    .ARM.Collect$$libshutdown$$00000009      0x00000308   Section        0  libshutdown2.o(.ARM.Collect$$libshutdown$$00000009)
    .ARM.Collect$$libshutdown$$0000000B      0x00000308   Section        0  libshutdown2.o(.ARM.Collect$$libshutdown$$0000000B)
    .ARM.Collect$$libshutdown$$0000000E      0x00000308   Section        0  libshutdown2.o(.ARM.Collect$$libshutdown$$0000000E)
    .ARM.Collect$$libshutdown$$0000000F      0x00000308   Section        2  libshutdown2.o(.ARM.Collect$$libshutdown$$0000000F)
    .ARM.Collect$$rtentry$$00000000          0x0000030a   Section        0  rtentry.o(.ARM.Collect$$rtentry$$00000000)
    .ARM.Collect$$rtentry$$00000002          0x0000030a   Section        0  rtentry2.o(.ARM.Collect$$rtentry$$00000002)
    .ARM.Collect$$rtentry$$00000004          0x0000030a   Section        6  rtentry4.o(.ARM.Collect$$rtentry$$00000004)
    .ARM.Collect$$rtentry$$00000009          0x00000310   Section        0  rtentry2.o(.ARM.Collect$$rtentry$$00000009)
    .ARM.Collect$$rtentry$$0000000A          0x00000310   Section        4  rtentry2.o(.ARM.Collect$$rtentry$$0000000A)
    .ARM.Collect$$rtentry$$0000000C          0x00000314   Section        0  rtentry2.o(.ARM.Collect$$rtentry$$0000000C)
    .ARM.Collect$$rtentry$$0000000D          0x00000314   Section        8  rtentry2.o(.ARM.Collect$$rtentry$$0000000D)
    .ARM.Collect$$rtexit$$00000000           0x0000031c   Section        2  rtexit.o(.ARM.Collect$$rtexit$$00000000)
    .ARM.Collect$$rtexit$$00000002           0x0000031e   Section        0  rtexit2.o(.ARM.Collect$$rtexit$$00000002)
    .ARM.Collect$$rtexit$$00000003           0x0000031e   Section        4  rtexit2.o(.ARM.Collect$$rtexit$$00000003)
    .ARM.Collect$$rtexit$$00000004           0x00000322   Section        6  rtexit2.o(.ARM.Collect$$rtexit$$00000004)
    .text                                    0x00000328   Section       48  startup.o(.text)
    .text                                    0x00000358   Section        0  noretval__2snprintf.o(.text)
    .text                                    0x0000038c   Section        0  _printf_pad.o(.text)
    .text                                    0x000003e0   Section        0  _printf_dec.o(.text)
    .text                                    0x00000458   Section        0  __printf_flags_wp.o(.text)
    .text                                    0x00000594   Section        0  strcat.o(.text)
    .text                                    0x000005ac   Section        0  heapauxi.o(.text)
    .text                                    0x000005b2   Section        0  _printf_intcommon.o(.text)
    .text                                    0x0000066c   Section        0  _printf_char_common.o(.text)
    _printf_input_char                       0x0000066d   Thumb Code    10  _printf_char_common.o(.text)
    .text                                    0x0000069c   Section        0  _sputc.o(.text)
    .text                                    0x000006a6   Section        0  _snputc.o(.text)
    .text                                    0x000006b6   Section       74  sys_stackheap_outer.o(.text)
    .text                                    0x00000700   Section        0  exit.o(.text)
    .text                                    0x0000070c   Section        8  libspace.o(.text)
    .text                                    0x00000714   Section        0  sys_exit.o(.text)
    .text                                    0x00000720   Section        2  use_no_semi.o(.text)
    .text                                    0x00000722   Section        0  indicate_semi.o(.text)
    i.CookingTime_case_B                     0x00000724   Section        0  case b-c.o(i.CookingTime_case_B)
    i.CookingTime_case_C                     0x0000075c   Section        0  case b-c.o(i.CookingTime_case_C)
    i.EdgeCounter_Init                       0x00000798   Section        0  interrupt.o(i.EdgeCounter_Init)
    i.GPIOPortE_Handler                      0x00000860   Section        0  switch3.o(i.GPIOPortE_Handler)
    i.GPIOPortF_Handler                      0x00000938   Section        0  interrupt.o(i.GPIOPortF_Handler)
    i.LCD_Clear                              0x00000a1c   Section        0  lcd.o(i.LCD_Clear)
    i.LCD_Init                               0x00000a3c   Section        0  lcd.o(i.LCD_Init)
    i.LCD_OutChar                            0x00000b5c   Section        0  lcd.o(i.LCD_OutChar)
    i.LCD_OutString                          0x00000ba0   Section        0  lcd.o(i.LCD_OutString)
    i.LCD_command                            0x00000bb8   Section        0  lcdcommand.o(i.LCD_command)
    i.LCD_setRowCol                          0x00000bfc   Section        0  lcdcommand.o(i.LCD_setRowCol)
    i.LEDS_BLINK_3times                      0x00000c38   Section        0  leds.o(i.LEDS_BLINK_3times)
    i.LEDS_OFF                               0x00000c98   Section        0  leds.o(i.LEDS_OFF)
    i.LEDS_ON                                0x00000cb0   Section        0  leds.o(i.LEDS_ON)
    i.OutCmd                                 0x00000cc8   Section        0  lcd.o(i.OutCmd)
    i.SysTick_Init                           0x00000d0c   Section        0  systick.o(i.SysTick_Init)
    i.SysTick_Wait                           0x00000d24   Section        0  systick.o(i.SysTick_Wait)
    i.SysTick_Wait10ms                       0x00000d44   Section        0  systick.o(i.SysTick_Wait10ms)
    i.SysTick_Wait1microsec                  0x00000d60   Section        0  systick.o(i.SysTick_Wait1microsec)
    i._is_digit                              0x00000d76   Section        0  __printf_wp.o(i._is_digit)
    i.calcTime                               0x00000d84   Section        0  counting.o(i.calcTime)
    i.counting                               0x00000da0   Section        0  counting.o(i.counting)
    i.duration                               0x00000f1c   Section        0  cased.o(i.duration)
    i.get_input                              0x00000f64   Section        0  cased.o(i.get_input)
    i.keypad_Init                            0x00000f88   Section        0  keypad.o(i.keypad_Init)
    i.keypad_getkey                          0x0000103c   Section        0  keypad.o(i.keypad_getkey)
    i.main                                   0x00001134   Section        0  lcdtestmain.o(i.main)
    i.read_write                             0x000013d8   Section        0  cased.o(i.read_write)
    i.reset                                  0x000014a4   Section        0  cased.o(i.reset)
    i.show_user_value                        0x000014ec   Section        0  cased.o(i.show_user_value)
    i.switch3_buzzer_init                    0x00001614   Section        0  switch3.o(i.switch3_buzzer_init)
    x$fpl$dfix                               0x0000170c   Section       94  dfix.o(x$fpl$dfix)
    x$fpl$dflt                               0x0000176a   Section       46  dflt_clz.o(x$fpl$dflt)
    x$fpl$dmul                               0x00001798   Section      340  dmul.o(x$fpl$dmul)
    x$fpl$dnaninf                            0x000018ec   Section      156  dnaninf.o(x$fpl$dnaninf)
    x$fpl$dretinf                            0x00001988   Section       12  dretinf.o(x$fpl$dretinf)
    .constdata                               0x00001994   Section       16  keypad.o(.constdata)
    x$fpl$usenofp                            0x00001994   Section        0  usenofp.o(x$fpl$usenofp)
    .constdata                               0x000019a4   Section       17  __printf_flags_wp.o(.constdata)
    maptable                                 0x000019a4   Data          17  __printf_flags_wp.o(.constdata)
    .data                                    0x20000000   Section       17  lcdtestmain.o(.data)
    .data                                    0x20000014   Section       17  interrupt.o(.data)
    .data                                    0x20000025   Section        5  counting.o(.data)
    .data                                    0x2000002c   Section       44  cased.o(.data)
    .bss                                     0x20000058   Section       96  libspace.o(.bss)
    HEAP                                     0x200000b8   Section        0  startup.o(HEAP)
    STACK                                    0x200000b8   Section     1024  startup.o(STACK)
    HeapMem                                  0x200000b8   Data           0  startup.o(HEAP)
    StackMem                                 0x200000b8   Data           0  startup.o(STACK)

    Global Symbols

    Symbol Name                              Value     Ov Type        Size  Object(Section)

    BuildAttributes$$THM_ISAv4$E$P$D$K$B$S$7EM$PE$A:L22UL41UL21$X:L11$S22US41US21$IEEE1$IW$USESV6$~STKCKD$USESV7$~SHL$OSPACE$ROPI$EBA8$UX$STANDARDLIB$REQ8$PRES8$EABIv2 0x00000000   Number         0  anon$$obj.o ABSOLUTE
    __ARM_use_no_argv                        0x00000000   Number         0  lcdtestmain.o ABSOLUTE
    __Vectors                                0x00000000   Data           0  startup.o(RESET)
    _printf_flags                            0x00000000   Number         0  printf_stubs.o ABSOLUTE
    _printf_return_value                     0x00000000   Number         0  printf_stubs.o ABSOLUTE
    _printf_sizespec                         0x00000000   Number         0  printf_stubs.o ABSOLUTE
    _printf_widthprec                        0x00000000   Number         0  printf_stubs.o ABSOLUTE
    __ARM_exceptions_init                     - Undefined Weak Reference
    __alloca_initialize                       - Undefined Weak Reference
    __cpp_initialize__aeabi_                  - Undefined Weak Reference
    __cxa_finalize                            - Undefined Weak Reference
    __rt_locale                               - Undefined Weak Reference
    __sigvec_lookup                           - Undefined Weak Reference
    _atexit_init                              - Undefined Weak Reference
    _call_atexit_fns                          - Undefined Weak Reference
    _clock_init                               - Undefined Weak Reference
    _fp_trap_init                             - Undefined Weak Reference
    _fp_trap_shutdown                         - Undefined Weak Reference
    _get_lc_collate                           - Undefined Weak Reference
    _get_lc_ctype                             - Undefined Weak Reference
    _get_lc_monetary                          - Undefined Weak Reference
    _get_lc_numeric                           - Undefined Weak Reference
    _get_lc_time                              - Undefined Weak Reference
    _getenv_init                              - Undefined Weak Reference
    _handle_redirection                       - Undefined Weak Reference
    _init_alloc                               - Undefined Weak Reference
    _init_user_alloc                          - Undefined Weak Reference
    _initio                                   - Undefined Weak Reference
    _printf_truncate_signed                   - Undefined Weak Reference
    _printf_truncate_unsigned                 - Undefined Weak Reference
    _rand_init                                - Undefined Weak Reference
    _signal_finish                            - Undefined Weak Reference
    _signal_init                              - Undefined Weak Reference
    _terminate_alloc                          - Undefined Weak Reference
    _terminate_user_alloc                     - Undefined Weak Reference
    _terminateio                              - Undefined Weak Reference
    Reset_Handler                            0x0000026d   Thumb Code     0  startup.o(RESET)
    NMI_Handler                              0x00000271   Thumb Code     2  startup.o(RESET)
    HardFault_Handler                        0x00000273   Thumb Code     2  startup.o(RESET)
    MemManage_Handler                        0x00000275   Thumb Code     2  startup.o(RESET)
    BusFault_Handler                         0x00000277   Thumb Code     2  startup.o(RESET)
    UsageFault_Handler                       0x00000279   Thumb Code     2  startup.o(RESET)
    SVC_Handler                              0x0000027b   Thumb Code     2  startup.o(RESET)
    DebugMon_Handler                         0x0000027d   Thumb Code     2  startup.o(RESET)
    PendSV_Handler                           0x0000027f   Thumb Code     2  startup.o(RESET)
    SysTick_Handler                          0x00000281   Thumb Code     2  startup.o(RESET)
    ADC0Seq0_Handler                         0x00000283   Thumb Code     0  startup.o(RESET)
    ADC0Seq1_Handler                         0x00000283   Thumb Code     0  startup.o(RESET)
    ADC0Seq2_Handler                         0x00000283   Thumb Code     0  startup.o(RESET)
    ADC0Seq3_Handler                         0x00000283   Thumb Code     0  startup.o(RESET)
    ADC1Seq0_Handler                         0x00000283   Thumb Code     0  startup.o(RESET)
    ADC1Seq1_Handler                         0x00000283   Thumb Code     0  startup.o(RESET)
    ADC1Seq2_Handler                         0x00000283   Thumb Code     0  startup.o(RESET)
    ADC1Seq3_Handler                         0x00000283   Thumb Code     0  startup.o(RESET)
    CAN0_Handler                             0x00000283   Thumb Code     0  startup.o(RESET)
    CAN1_Handler                             0x00000283   Thumb Code     0  startup.o(RESET)
    CAN2_Handler                             0x00000283   Thumb Code     0  startup.o(RESET)
    Comp0_Handler                            0x00000283   Thumb Code     0  startup.o(RESET)
    Comp1_Handler                            0x00000283   Thumb Code     0  startup.o(RESET)
    Comp2_Handler                            0x00000283   Thumb Code     0  startup.o(RESET)
    Ethernet_Handler                         0x00000283   Thumb Code     0  startup.o(RESET)
    ExtBus_Handler                           0x00000283   Thumb Code     0  startup.o(RESET)
    FPU_Handler                              0x00000283   Thumb Code     0  startup.o(RESET)
    Fan0_Handler                             0x00000283   Thumb Code     0  startup.o(RESET)
    FlashCtl_Handler                         0x00000283   Thumb Code     0  startup.o(RESET)
    GPIOPortA_Handler                        0x00000283   Thumb Code     0  startup.o(RESET)
    GPIOPortB_Handler                        0x00000283   Thumb Code     0  startup.o(RESET)
    GPIOPortC_Handler                        0x00000283   Thumb Code     0  startup.o(RESET)
    GPIOPortD_Handler                        0x00000283   Thumb Code     0  startup.o(RESET)
    GPIOPortG_Handler                        0x00000283   Thumb Code     0  startup.o(RESET)
    GPIOPortH_Handler                        0x00000283   Thumb Code     0  startup.o(RESET)
    GPIOPortJ_Handler                        0x00000283   Thumb Code     0  startup.o(RESET)
    GPIOPortK_Handler                        0x00000283   Thumb Code     0  startup.o(RESET)
    GPIOPortL_Handler                        0x00000283   Thumb Code     0  startup.o(RESET)
    GPIOPortM_Handler                        0x00000283   Thumb Code     0  startup.o(RESET)
    GPIOPortN_Handler                        0x00000283   Thumb Code     0  startup.o(RESET)
    GPIOPortP1_Handler                       0x00000283   Thumb Code     0  startup.o(RESET)
    GPIOPortP2_Handler                       0x00000283   Thumb Code     0  startup.o(RESET)
    GPIOPortP3_Handler                       0x00000283   Thumb Code     0  startup.o(RESET)
    GPIOPortP4_Handler                       0x00000283   Thumb Code     0  startup.o(RESET)
    GPIOPortP5_Handler                       0x00000283   Thumb Code     0  startup.o(RESET)
    GPIOPortP6_Handler                       0x00000283   Thumb Code     0  startup.o(RESET)
    GPIOPortP7_Handler                       0x00000283   Thumb Code     0  startup.o(RESET)
    GPIOPortP_Handler                        0x00000283   Thumb Code     0  startup.o(RESET)
    GPIOPortQ1_Handler                       0x00000283   Thumb Code     0  startup.o(RESET)
    GPIOPortQ2_Handler                       0x00000283   Thumb Code     0  startup.o(RESET)
    GPIOPortQ3_Handler                       0x00000283   Thumb Code     0  startup.o(RESET)
    GPIOPortQ4_Handler                       0x00000283   Thumb Code     0  startup.o(RESET)
    GPIOPortQ5_Handler                       0x00000283   Thumb Code     0  startup.o(RESET)
    GPIOPortQ6_Handler                       0x00000283   Thumb Code     0  startup.o(RESET)
    GPIOPortQ7_Handler                       0x00000283   Thumb Code     0  startup.o(RESET)
    GPIOPortQ_Handler                        0x00000283   Thumb Code     0  startup.o(RESET)
    GPIOPortR_Handler                        0x00000283   Thumb Code     0  startup.o(RESET)
    GPIOPortS_Handler                        0x00000283   Thumb Code     0  startup.o(RESET)
    Hibernate_Handler                        0x00000283   Thumb Code     0  startup.o(RESET)
    I2C0_Handler                             0x00000283   Thumb Code     0  startup.o(RESET)
    I2C1_Handler                             0x00000283   Thumb Code     0  startup.o(RESET)
    I2C2_Handler                             0x00000283   Thumb Code     0  startup.o(RESET)
    I2C3_Handler                             0x00000283   Thumb Code     0  startup.o(RESET)
    I2C4_Handler                             0x00000283   Thumb Code     0  startup.o(RESET)
    I2C5_Handler                             0x00000283   Thumb Code     0  startup.o(RESET)
    I2S0_Handler                             0x00000283   Thumb Code     0  startup.o(RESET)
    LPC0_Handler                             0x00000283   Thumb Code     0  startup.o(RESET)
    PECI0_Handler                            0x00000283   Thumb Code     0  startup.o(RESET)
    PWM0Fault_Handler                        0x00000283   Thumb Code     0  startup.o(RESET)
    PWM0Generator0_Handler                   0x00000283   Thumb Code     0  startup.o(RESET)
    PWM0Generator1_Handler                   0x00000283   Thumb Code     0  startup.o(RESET)
    PWM0Generator2_Handler                   0x00000283   Thumb Code     0  startup.o(RESET)
    PWM0Generator3_Handler                   0x00000283   Thumb Code     0  startup.o(RESET)
    PWM1Fault_Handler                        0x00000283   Thumb Code     0  startup.o(RESET)
    PWM1Generator0_Handler                   0x00000283   Thumb Code     0  startup.o(RESET)
    PWM1Generator1_Handler                   0x00000283   Thumb Code     0  startup.o(RESET)
    PWM1Generator2_Handler                   0x00000283   Thumb Code     0  startup.o(RESET)
    PWM1Generator3_Handler                   0x00000283   Thumb Code     0  startup.o(RESET)
    Quadrature0_Handler                      0x00000283   Thumb Code     0  startup.o(RESET)
    Quadrature1_Handler                      0x00000283   Thumb Code     0  startup.o(RESET)
    Quadrature2_Handler                      0x00000283   Thumb Code     0  startup.o(RESET)
    SSI0_Handler                             0x00000283   Thumb Code     0  startup.o(RESET)
    SSI1_Handler                             0x00000283   Thumb Code     0  startup.o(RESET)
    SSI2_Handler                             0x00000283   Thumb Code     0  startup.o(RESET)
    SSI3_Handler                             0x00000283   Thumb Code     0  startup.o(RESET)
    SysCtl_Handler                           0x00000283   Thumb Code     0  startup.o(RESET)
    Timer0A_Handler                          0x00000283   Thumb Code     0  startup.o(RESET)
    Timer0B_Handler                          0x00000283   Thumb Code     0  startup.o(RESET)
    Timer1A_Handler                          0x00000283   Thumb Code     0  startup.o(RESET)
    Timer1B_Handler                          0x00000283   Thumb Code     0  startup.o(RESET)
    Timer2A_Handler                          0x00000283   Thumb Code     0  startup.o(RESET)
    Timer2B_Handler                          0x00000283   Thumb Code     0  startup.o(RESET)
    Timer3A_Handler                          0x00000283   Thumb Code     0  startup.o(RESET)
    Timer3B_Handler                          0x00000283   Thumb Code     0  startup.o(RESET)
    Timer4A_Handler                          0x00000283   Thumb Code     0  startup.o(RESET)
    Timer4B_Handler                          0x00000283   Thumb Code     0  startup.o(RESET)
    Timer5A_Handler                          0x00000283   Thumb Code     0  startup.o(RESET)
    Timer5B_Handler                          0x00000283   Thumb Code     0  startup.o(RESET)
    UART0_Handler                            0x00000283   Thumb Code     0  startup.o(RESET)
    UART1_Handler                            0x00000283   Thumb Code     0  startup.o(RESET)
    UART2_Handler                            0x00000283   Thumb Code     0  startup.o(RESET)
    UART3_Handler                            0x00000283   Thumb Code     0  startup.o(RESET)
    UART4_Handler                            0x00000283   Thumb Code     0  startup.o(RESET)
    UART5_Handler                            0x00000283   Thumb Code     0  startup.o(RESET)
    UART6_Handler                            0x00000283   Thumb Code     0  startup.o(RESET)
    UART7_Handler                            0x00000283   Thumb Code     0  startup.o(RESET)
    USB0_Handler                             0x00000283   Thumb Code     0  startup.o(RESET)
    WDT_Handler                              0x00000283   Thumb Code     0  startup.o(RESET)
    WideTimer0A_Handler                      0x00000283   Thumb Code     0  startup.o(RESET)
    WideTimer0B_Handler                      0x00000283   Thumb Code     0  startup.o(RESET)
    WideTimer1A_Handler                      0x00000283   Thumb Code     0  startup.o(RESET)
    WideTimer1B_Handler                      0x00000283   Thumb Code     0  startup.o(RESET)
    WideTimer2A_Handler                      0x00000283   Thumb Code     0  startup.o(RESET)
    WideTimer2B_Handler                      0x00000283   Thumb Code     0  startup.o(RESET)
    WideTimer3A_Handler                      0x00000283   Thumb Code     0  startup.o(RESET)
    WideTimer3B_Handler                      0x00000283   Thumb Code     0  startup.o(RESET)
    WideTimer4A_Handler                      0x00000283   Thumb Code     0  startup.o(RESET)
    WideTimer4B_Handler                      0x00000283   Thumb Code     0  startup.o(RESET)
    WideTimer5A_Handler                      0x00000283   Thumb Code     0  startup.o(RESET)
    WideTimer5B_Handler                      0x00000283   Thumb Code     0  startup.o(RESET)
    uDMA_Error                               0x00000283   Thumb Code     0  startup.o(RESET)
    uDMA_Handler                             0x00000283   Thumb Code     0  startup.o(RESET)
    __main                                   0x00000285   Thumb Code     8  __main.o(!!!main)
    __scatterload                            0x0000028d   Thumb Code     0  __scatter.o(!!!scatter)
    __scatterload_rt2                        0x0000028d   Thumb Code    44  __scatter.o(!!!scatter)
    __scatterload_rt2_thumb_only             0x0000028d   Thumb Code     0  __scatter.o(!!!scatter)
    __scatterload_null                       0x0000029b   Thumb Code     0  __scatter.o(!!!scatter)
    __scatterload_copy                       0x000002c1   Thumb Code    26  __scatter_copy.o(!!handler_copy)
    __scatterload_zeroinit                   0x000002dd   Thumb Code    28  __scatter_zi.o(!!handler_zi)
    _printf_d                                0x000002f9   Thumb Code     0  _printf_d.o(.ARM.Collect$$_printf_percent$$00000009)
    _printf_percent                          0x000002f9   Thumb Code     0  _printf_percent.o(.ARM.Collect$$_printf_percent$$00000000)
    _printf_percent_end                      0x000002ff   Thumb Code     0  _printf_percent_end.o(.ARM.Collect$$_printf_percent$$00000017)
    __rt_lib_init                            0x00000303   Thumb Code     0  libinit.o(.ARM.Collect$$libinit$$00000000)
    __rt_lib_init_alloca_1                   0x00000305   Thumb Code     0  libinit2.o(.ARM.Collect$$libinit$$0000002C)
    __rt_lib_init_argv_1                     0x00000305   Thumb Code     0  libinit2.o(.ARM.Collect$$libinit$$0000002A)
    __rt_lib_init_atexit_1                   0x00000305   Thumb Code     0  libinit2.o(.ARM.Collect$$libinit$$00000019)
    __rt_lib_init_clock_1                    0x00000305   Thumb Code     0  libinit2.o(.ARM.Collect$$libinit$$0000001F)
    __rt_lib_init_cpp_1                      0x00000305   Thumb Code     0  libinit2.o(.ARM.Collect$$libinit$$00000030)
    __rt_lib_init_exceptions_1               0x00000305   Thumb Code     0  libinit2.o(.ARM.Collect$$libinit$$0000002E)
    __rt_lib_init_fp_1                       0x00000305   Thumb Code     0  libinit2.o(.ARM.Collect$$libinit$$00000002)
    __rt_lib_init_fp_trap_1                  0x00000305   Thumb Code     0  libinit2.o(.ARM.Collect$$libinit$$0000001D)
    __rt_lib_init_getenv_1                   0x00000305   Thumb Code     0  libinit2.o(.ARM.Collect$$libinit$$00000021)
    __rt_lib_init_heap_1                     0x00000305   Thumb Code     0  libinit2.o(.ARM.Collect$$libinit$$00000008)
    __rt_lib_init_lc_collate_1               0x00000305   Thumb Code     0  libinit2.o(.ARM.Collect$$libinit$$0000000F)
    __rt_lib_init_lc_ctype_1                 0x00000305   Thumb Code     0  libinit2.o(.ARM.Collect$$libinit$$00000011)
    __rt_lib_init_lc_monetary_1              0x00000305   Thumb Code     0  libinit2.o(.ARM.Collect$$libinit$$00000013)
    __rt_lib_init_lc_numeric_1               0x00000305   Thumb Code     0  libinit2.o(.ARM.Collect$$libinit$$00000015)
    __rt_lib_init_lc_time_1                  0x00000305   Thumb Code     0  libinit2.o(.ARM.Collect$$libinit$$00000017)
    __rt_lib_init_rand_1                     0x00000305   Thumb Code     0  libinit2.o(.ARM.Collect$$libinit$$0000000C)
    __rt_lib_init_return                     0x00000305   Thumb Code     0  libinit2.o(.ARM.Collect$$libinit$$00000031)
    __rt_lib_init_signal_1                   0x00000305   Thumb Code     0  libinit2.o(.ARM.Collect$$libinit$$0000001B)
    __rt_lib_init_stdio_1                    0x00000305   Thumb Code     0  libinit2.o(.ARM.Collect$$libinit$$00000023)
    __rt_lib_init_user_alloc_1               0x00000305   Thumb Code     0  libinit2.o(.ARM.Collect$$libinit$$0000000A)
    __rt_lib_shutdown                        0x00000307   Thumb Code     0  libshutdown.o(.ARM.Collect$$libshutdown$$00000000)
    __rt_lib_shutdown_fp_trap_1              0x00000309   Thumb Code     0  libshutdown2.o(.ARM.Collect$$libshutdown$$00000006)
    __rt_lib_shutdown_heap_1                 0x00000309   Thumb Code     0  libshutdown2.o(.ARM.Collect$$libshutdown$$0000000E)
    __rt_lib_shutdown_return                 0x00000309   Thumb Code     0  libshutdown2.o(.ARM.Collect$$libshutdown$$0000000F)
    __rt_lib_shutdown_signal_1               0x00000309   Thumb Code     0  libshutdown2.o(.ARM.Collect$$libshutdown$$00000009)
    __rt_lib_shutdown_stdio_1                0x00000309   Thumb Code     0  libshutdown2.o(.ARM.Collect$$libshutdown$$00000003)
    __rt_lib_shutdown_user_alloc_1           0x00000309   Thumb Code     0  libshutdown2.o(.ARM.Collect$$libshutdown$$0000000B)
    __rt_entry                               0x0000030b   Thumb Code     0  rtentry.o(.ARM.Collect$$rtentry$$00000000)
    __rt_entry_presh_1                       0x0000030b   Thumb Code     0  rtentry2.o(.ARM.Collect$$rtentry$$00000002)
    __rt_entry_sh                            0x0000030b   Thumb Code     0  rtentry4.o(.ARM.Collect$$rtentry$$00000004)
    __rt_entry_li                            0x00000311   Thumb Code     0  rtentry2.o(.ARM.Collect$$rtentry$$0000000A)
    __rt_entry_postsh_1                      0x00000311   Thumb Code     0  rtentry2.o(.ARM.Collect$$rtentry$$00000009)
    __rt_entry_main                          0x00000315   Thumb Code     0  rtentry2.o(.ARM.Collect$$rtentry$$0000000D)
    __rt_entry_postli_1                      0x00000315   Thumb Code     0  rtentry2.o(.ARM.Collect$$rtentry$$0000000C)
    __rt_exit                                0x0000031d   Thumb Code     0  rtexit.o(.ARM.Collect$$rtexit$$00000000)
    __rt_exit_ls                             0x0000031f   Thumb Code     0  rtexit2.o(.ARM.Collect$$rtexit$$00000003)
    __rt_exit_prels_1                        0x0000031f   Thumb Code     0  rtexit2.o(.ARM.Collect$$rtexit$$00000002)
    __rt_exit_exit                           0x00000323   Thumb Code     0  rtexit2.o(.ARM.Collect$$rtexit$$00000004)
    DisableInterrupts                        0x00000329   Thumb Code     0  startup.o(.text)
    EnableInterrupts                         0x0000032d   Thumb Code     0  startup.o(.text)
    StartCritical                            0x00000331   Thumb Code     0  startup.o(.text)
    EndCritical                              0x00000339   Thumb Code     0  startup.o(.text)
    WaitForInterrupt                         0x0000033f   Thumb Code     0  startup.o(.text)
    __user_initial_stackheap                 0x00000343   Thumb Code     0  startup.o(.text)
    __2snprintf                              0x00000359   Thumb Code    48  noretval__2snprintf.o(.text)
    _printf_pre_padding                      0x0000038d   Thumb Code    46  _printf_pad.o(.text)
    _printf_post_padding                     0x000003bb   Thumb Code    36  _printf_pad.o(.text)
    _printf_int_dec                          0x000003e1   Thumb Code   102  _printf_dec.o(.text)
    __printf                                 0x00000459   Thumb Code   310  __printf_flags_wp.o(.text)
    strcat                                   0x00000595   Thumb Code    24  strcat.o(.text)
    __use_two_region_memory                  0x000005ad   Thumb Code     2  heapauxi.o(.text)
    __rt_heap_escrow$2region                 0x000005af   Thumb Code     2  heapauxi.o(.text)
    __rt_heap_expand$2region                 0x000005b1   Thumb Code     2  heapauxi.o(.text)
    _printf_int_common                       0x000005b3   Thumb Code   184  _printf_intcommon.o(.text)
    _printf_char_common                      0x00000677   Thumb Code    32  _printf_char_common.o(.text)
    _sputc                                   0x0000069d   Thumb Code    10  _sputc.o(.text)
    _snputc                                  0x000006a7   Thumb Code    16  _snputc.o(.text)
    __user_setup_stackheap                   0x000006b7   Thumb Code    74  sys_stackheap_outer.o(.text)
    exit                                     0x00000701   Thumb Code    12  exit.o(.text)
    __user_libspace                          0x0000070d   Thumb Code     8  libspace.o(.text)
    __user_perproc_libspace                  0x0000070d   Thumb Code     0  libspace.o(.text)
    __user_perthread_libspace                0x0000070d   Thumb Code     0  libspace.o(.text)
    _sys_exit                                0x00000715   Thumb Code     8  sys_exit.o(.text)
    __I$use$semihosting                      0x00000721   Thumb Code     0  use_no_semi.o(.text)
    __use_no_semihosting_swi                 0x00000721   Thumb Code     2  use_no_semi.o(.text)
    __semihosting_library_function           0x00000723   Thumb Code     0  indicate_semi.o(.text)
    CookingTime_case_B                       0x00000725   Thumb Code    46  case b-c.o(i.CookingTime_case_B)
    CookingTime_case_C                       0x0000075d   Thumb Code    46  case b-c.o(i.CookingTime_case_C)
    EdgeCounter_Init                         0x00000799   Thumb Code   172  interrupt.o(i.EdgeCounter_Init)
    GPIOPortE_Handler                        0x00000861   Thumb Code   180  switch3.o(i.GPIOPortE_Handler)
    GPIOPortF_Handler                        0x00000939   Thumb Code   188  interrupt.o(i.GPIOPortF_Handler)
    LCD_Clear                                0x00000a1d   Thumb Code    32  lcd.o(i.LCD_Clear)
    LCD_Init                                 0x00000a3d   Thumb Code   232  lcd.o(i.LCD_Init)
    LCD_OutChar                              0x00000b5d   Thumb Code    60  lcd.o(i.LCD_OutChar)
    LCD_OutString                            0x00000ba1   Thumb Code    22  lcd.o(i.LCD_OutString)
    LCD_command                              0x00000bb9   Thumb Code    60  lcdcommand.o(i.LCD_command)
    LCD_setRowCol                            0x00000bfd   Thumb Code    60  lcdcommand.o(i.LCD_setRowCol)
    LEDS_BLINK_3times                        0x00000c39   Thumb Code    86  leds.o(i.LEDS_BLINK_3times)
    LEDS_OFF                                 0x00000c99   Thumb Code    16  leds.o(i.LEDS_OFF)
    LEDS_ON                                  0x00000cb1   Thumb Code    16  leds.o(i.LEDS_ON)
    OutCmd                                   0x00000cc9   Thumb Code    60  lcd.o(i.OutCmd)
    SysTick_Init                             0x00000d0d   Thumb Code    24  systick.o(i.SysTick_Init)
    SysTick_Wait                             0x00000d25   Thumb Code    32  systick.o(i.SysTick_Wait)
    SysTick_Wait10ms                         0x00000d45   Thumb Code    22  systick.o(i.SysTick_Wait10ms)
    SysTick_Wait1microsec                    0x00000d61   Thumb Code    22  systick.o(i.SysTick_Wait1microsec)
    _is_digit                                0x00000d77   Thumb Code    14  __printf_wp.o(i._is_digit)
    calcTime                                 0x00000d85   Thumb Code    28  counting.o(i.calcTime)
    counting                                 0x00000da1   Thumb Code   300  counting.o(i.counting)
    duration                                 0x00000f1d   Thumb Code    58  cased.o(i.duration)
    get_input                                0x00000f65   Thumb Code    24  cased.o(i.get_input)
    keypad_Init                              0x00000f89   Thumb Code   150  keypad.o(i.keypad_Init)
    keypad_getkey                            0x0000103d   Thumb Code   240  keypad.o(i.keypad_getkey)
    main                                     0x00001135   Thumb Code   530  lcdtestmain.o(i.main)
    read_write                               0x000013d9   Thumb Code   172  cased.o(i.read_write)
    reset                                    0x000014a5   Thumb Code    54  cased.o(i.reset)
    show_user_value                          0x000014ed   Thumb Code   288  cased.o(i.show_user_value)
    switch3_buzzer_init                      0x00001615   Thumb Code   218  switch3.o(i.switch3_buzzer_init)
    __aeabi_d2iz                             0x0000170d   Thumb Code     0  dfix.o(x$fpl$dfix)
    _dfix                                    0x0000170d   Thumb Code    94  dfix.o(x$fpl$dfix)
    __aeabi_i2d                              0x0000176b   Thumb Code     0  dflt_clz.o(x$fpl$dflt)
    _dflt                                    0x0000176b   Thumb Code    46  dflt_clz.o(x$fpl$dflt)
    __aeabi_dmul                             0x00001799   Thumb Code     0  dmul.o(x$fpl$dmul)
    _dmul                                    0x00001799   Thumb Code   332  dmul.o(x$fpl$dmul)
    __fpl_dnaninf                            0x000018ed   Thumb Code   156  dnaninf.o(x$fpl$dnaninf)
    __fpl_dretinf                            0x00001989   Thumb Code    12  dretinf.o(x$fpl$dretinf)
    __I$use$fp                               0x00001994   Number         0  usenofp.o(x$fpl$usenofp)
    Region$$Table$$Base                      0x000019b8   Number         0  anon$$obj.o(Region$$Table)
    Region$$Table$$Limit                     0x000019d8   Number         0  anon$$obj.o(Region$$Table)
    y                                        0x20000000   Data           4  lcdtestmain.o(.data)
    a                                        0x20000004   Data           4  lcdtestmain.o(.data)
    b                                        0x20000008   Data           4  lcdtestmain.o(.data)
    time                                     0x2000000c   Data           4  lcdtestmain.o(.data)
    State_type                               0x20000010   Data           1  lcdtestmain.o(.data)
    x                                        0x20000014   Data           4  interrupt.o(.data)
    isPlay                                   0x20000018   Data           1  interrupt.o(.data)
    isPaused                                 0x20000019   Data           1  interrupt.o(.data)
    FallingEdges                             0x2000001c   Data           4  interrupt.o(.data)
    buffer                                   0x20000020   Data           5  interrupt.o(.data)
    buffer2                                  0x20000025   Data           5  counting.o(.data)
    caseD                                    0x2000002c   Data           1  cased.o(.data)
    i                                        0x20000030   Data           4  cased.o(.data)
    arr                                      0x20000034   Data           5  cased.o(.data)
    arr1                                     0x20000039   Data           5  cased.o(.data)
    temp                                     0x2000003e   Data           5  cased.o(.data)
    key                                      0x20000044   Data           4  cased.o(.data)
    n                                        0x20000048   Data           4  cased.o(.data)
    button                                   0x2000004c   Data           1  cased.o(.data)
    sw3                                      0x2000004d   Data           1  cased.o(.data)
    sec                                      0x20000050   Data           4  cased.o(.data)
    min                                      0x20000054   Data           4  cased.o(.data)
    __libspace_start                         0x20000058   Data          96  libspace.o(.bss)
    __temporary_stack_top$libspace           0x200000b8   Data           0  libspace.o(.bss)



==============================================================================

Memory Map of the image

  Image Entry point : 0x0000026d

  Load Region LR_1 (Base: 0x00000000, Size: 0x00001a30, Max: 0xffffffff, ABSOLUTE)

    Execution Region ER_RO (Base: 0x00000000, Size: 0x000019d8, Max: 0xffffffff, ABSOLUTE)

    Base Addr    Size         Type   Attr      Idx    E Section Name        Object

    0x00000000   0x00000284   Code   RO            3  * RESET               startup.o
    0x00000284   0x00000008   Code   RO          404  * !!!main             c_w.l(__main.o)
    0x0000028c   0x00000034   Code   RO          586    !!!scatter          c_w.l(__scatter.o)
    0x000002c0   0x0000001a   Code   RO          588    !!handler_copy      c_w.l(__scatter_copy.o)
    0x000002da   0x00000002   PAD
    0x000002dc   0x0000001c   Code   RO          590    !!handler_zi        c_w.l(__scatter_zi.o)
    0x000002f8   0x00000000   Code   RO          399    .ARM.Collect$$_printf_percent$$00000000  c_w.l(_printf_percent.o)
    0x000002f8   0x00000006   Code   RO          398    .ARM.Collect$$_printf_percent$$00000009  c_w.l(_printf_d.o)
    0x000002fe   0x00000004   Code   RO          427    .ARM.Collect$$_printf_percent$$00000017  c_w.l(_printf_percent_end.o)
    0x00000302   0x00000002   Code   RO          459    .ARM.Collect$$libinit$$00000000  c_w.l(libinit.o)
    0x00000304   0x00000000   Code   RO          466    .ARM.Collect$$libinit$$00000002  c_w.l(libinit2.o)
    0x00000304   0x00000000   Code   RO          469    .ARM.Collect$$libinit$$00000008  c_w.l(libinit2.o)
    0x00000304   0x00000000   Code   RO          471    .ARM.Collect$$libinit$$0000000A  c_w.l(libinit2.o)
    0x00000304   0x00000000   Code   RO          473    .ARM.Collect$$libinit$$0000000C  c_w.l(libinit2.o)
    0x00000304   0x00000000   Code   RO          476    .ARM.Collect$$libinit$$0000000F  c_w.l(libinit2.o)
    0x00000304   0x00000000   Code   RO          478    .ARM.Collect$$libinit$$00000011  c_w.l(libinit2.o)
    0x00000304   0x00000000   Code   RO          480    .ARM.Collect$$libinit$$00000013  c_w.l(libinit2.o)
    0x00000304   0x00000000   Code   RO          482    .ARM.Collect$$libinit$$00000015  c_w.l(libinit2.o)
    0x00000304   0x00000000   Code   RO          484    .ARM.Collect$$libinit$$00000017  c_w.l(libinit2.o)
    0x00000304   0x00000000   Code   RO          486    .ARM.Collect$$libinit$$00000019  c_w.l(libinit2.o)
    0x00000304   0x00000000   Code   RO          488    .ARM.Collect$$libinit$$0000001B  c_w.l(libinit2.o)
    0x00000304   0x00000000   Code   RO          490    .ARM.Collect$$libinit$$0000001D  c_w.l(libinit2.o)
    0x00000304   0x00000000   Code   RO          492    .ARM.Collect$$libinit$$0000001F  c_w.l(libinit2.o)
    0x00000304   0x00000000   Code   RO          494    .ARM.Collect$$libinit$$00000021  c_w.l(libinit2.o)
    0x00000304   0x00000000   Code   RO          496    .ARM.Collect$$libinit$$00000023  c_w.l(libinit2.o)
    0x00000304   0x00000000   Code   RO          500    .ARM.Collect$$libinit$$0000002A  c_w.l(libinit2.o)
    0x00000304   0x00000000   Code   RO          502    .ARM.Collect$$libinit$$0000002C  c_w.l(libinit2.o)
    0x00000304   0x00000000   Code   RO          504    .ARM.Collect$$libinit$$0000002E  c_w.l(libinit2.o)
    0x00000304   0x00000000   Code   RO          506    .ARM.Collect$$libinit$$00000030  c_w.l(libinit2.o)
    0x00000304   0x00000002   Code   RO          507    .ARM.Collect$$libinit$$00000031  c_w.l(libinit2.o)
    0x00000306   0x00000002   Code   RO          527    .ARM.Collect$$libshutdown$$00000000  c_w.l(libshutdown.o)
    0x00000308   0x00000000   Code   RO          541    .ARM.Collect$$libshutdown$$00000003  c_w.l(libshutdown2.o)
    0x00000308   0x00000000   Code   RO          544    .ARM.Collect$$libshutdown$$00000006  c_w.l(libshutdown2.o)
    0x00000308   0x00000000   Code   RO          547    .ARM.Collect$$libshutdown$$00000009  c_w.l(libshutdown2.o)
    0x00000308   0x00000000   Code   RO          549    .ARM.Collect$$libshutdown$$0000000B  c_w.l(libshutdown2.o)
    0x00000308   0x00000000   Code   RO          552    .ARM.Collect$$libshutdown$$0000000E  c_w.l(libshutdown2.o)
    0x00000308   0x00000002   Code   RO          553    .ARM.Collect$$libshutdown$$0000000F  c_w.l(libshutdown2.o)
    0x0000030a   0x00000000   Code   RO          418    .ARM.Collect$$rtentry$$00000000  c_w.l(rtentry.o)
    0x0000030a   0x00000000   Code   RO          434    .ARM.Collect$$rtentry$$00000002  c_w.l(rtentry2.o)
    0x0000030a   0x00000006   Code   RO          446    .ARM.Collect$$rtentry$$00000004  c_w.l(rtentry4.o)
    0x00000310   0x00000000   Code   RO          436    .ARM.Collect$$rtentry$$00000009  c_w.l(rtentry2.o)
    0x00000310   0x00000004   Code   RO          437    .ARM.Collect$$rtentry$$0000000A  c_w.l(rtentry2.o)
    0x00000314   0x00000000   Code   RO          439    .ARM.Collect$$rtentry$$0000000C  c_w.l(rtentry2.o)
    0x00000314   0x00000008   Code   RO          440    .ARM.Collect$$rtentry$$0000000D  c_w.l(rtentry2.o)
    0x0000031c   0x00000002   Code   RO          463    .ARM.Collect$$rtexit$$00000000  c_w.l(rtexit.o)
    0x0000031e   0x00000000   Code   RO          509    .ARM.Collect$$rtexit$$00000002  c_w.l(rtexit2.o)
    0x0000031e   0x00000004   Code   RO          510    .ARM.Collect$$rtexit$$00000003  c_w.l(rtexit2.o)
    0x00000322   0x00000006   Code   RO          511    .ARM.Collect$$rtexit$$00000004  c_w.l(rtexit2.o)
    0x00000328   0x00000030   Code   RO            4    .text               startup.o
    0x00000358   0x00000034   Code   RO          370    .text               c_w.l(noretval__2snprintf.o)
    0x0000038c   0x00000052   Code   RO          374    .text               c_w.l(_printf_pad.o)
    0x000003de   0x00000002   PAD
    0x000003e0   0x00000078   Code   RO          376    .text               c_w.l(_printf_dec.o)
    0x00000458   0x0000013c   Code   RO          390    .text               c_w.l(__printf_flags_wp.o)
    0x00000594   0x00000018   Code   RO          400    .text               c_w.l(strcat.o)
    0x000005ac   0x00000006   Code   RO          402    .text               c_w.l(heapauxi.o)
    0x000005b2   0x000000b8   Code   RO          419    .text               c_w.l(_printf_intcommon.o)
    0x0000066a   0x00000002   PAD
    0x0000066c   0x00000030   Code   RO          421    .text               c_w.l(_printf_char_common.o)
    0x0000069c   0x0000000a   Code   RO          423    .text               c_w.l(_sputc.o)
    0x000006a6   0x00000010   Code   RO          425    .text               c_w.l(_snputc.o)
    0x000006b6   0x0000004a   Code   RO          450    .text               c_w.l(sys_stackheap_outer.o)
    0x00000700   0x0000000c   Code   RO          452    .text               c_w.l(exit.o)
    0x0000070c   0x00000008   Code   RO          460    .text               c_w.l(libspace.o)
    0x00000714   0x0000000c   Code   RO          519    .text               c_w.l(sys_exit.o)
    0x00000720   0x00000002   Code   RO          530    .text               c_w.l(use_no_semi.o)
    0x00000722   0x00000000   Code   RO          532    .text               c_w.l(indicate_semi.o)
    0x00000722   0x00000002   PAD
    0x00000724   0x00000038   Code   RO          212    i.CookingTime_case_B  case b-c.o
    0x0000075c   0x0000003c   Code   RO          213    i.CookingTime_case_C  case b-c.o
    0x00000798   0x000000c8   Code   RO          167    i.EdgeCounter_Init  interrupt.o
    0x00000860   0x000000d8   Code   RO          230    i.GPIOPortE_Handler  switch3.o
    0x00000938   0x000000e4   Code   RO          168    i.GPIOPortF_Handler  interrupt.o
    0x00000a1c   0x00000020   Code   RO          100    i.LCD_Clear         lcd.o
    0x00000a3c   0x00000120   Code   RO          101    i.LCD_Init          lcd.o
    0x00000b5c   0x00000044   Code   RO          102    i.LCD_OutChar       lcd.o
    0x00000ba0   0x00000016   Code   RO          103    i.LCD_OutString     lcd.o
    0x00000bb6   0x00000002   PAD
    0x00000bb8   0x00000044   Code   RO          348    i.LCD_command       lcdcommand.o
    0x00000bfc   0x0000003c   Code   RO          349    i.LCD_setRowCol     lcdcommand.o
    0x00000c38   0x00000060   Code   RO          188    i.LEDS_BLINK_3times  leds.o
    0x00000c98   0x00000018   Code   RO          189    i.LEDS_OFF          leds.o
    0x00000cb0   0x00000018   Code   RO          190    i.LEDS_ON           leds.o
    0x00000cc8   0x00000044   Code   RO          106    i.OutCmd            lcd.o
    0x00000d0c   0x00000018   Code   RO           64    i.SysTick_Init      systick.o
    0x00000d24   0x00000020   Code   RO           65    i.SysTick_Wait      systick.o
    0x00000d44   0x0000001c   Code   RO           66    i.SysTick_Wait10ms  systick.o
    0x00000d60   0x00000016   Code   RO           67    i.SysTick_Wait1microsec  systick.o
    0x00000d76   0x0000000e   Code   RO          388    i._is_digit         c_w.l(__printf_wp.o)
    0x00000d84   0x0000001c   Code   RO          248    i.calcTime          counting.o
    0x00000da0   0x0000017c   Code   RO          249    i.counting          counting.o
    0x00000f1c   0x00000048   Code   RO          270    i.duration          cased.o
    0x00000f64   0x00000024   Code   RO          271    i.get_input         cased.o
    0x00000f88   0x000000b4   Code   RO          148    i.keypad_Init       keypad.o
    0x0000103c   0x000000f8   Code   RO          149    i.keypad_getkey     keypad.o
    0x00001134   0x000002a4   Code   RO           12    i.main              lcdtestmain.o
    0x000013d8   0x000000cc   Code   RO          272    i.read_write        cased.o
    0x000014a4   0x00000048   Code   RO          273    i.reset             cased.o
    0x000014ec   0x00000128   Code   RO          274    i.show_user_value   cased.o
    0x00001614   0x000000f8   Code   RO          231    i.switch3_buzzer_init  switch3.o
    0x0000170c   0x0000005e   Code   RO          406    x$fpl$dfix          fz_ws.l(dfix.o)
    0x0000176a   0x0000002e   Code   RO          411    x$fpl$dflt          fz_ws.l(dflt_clz.o)
    0x00001798   0x00000154   Code   RO          416    x$fpl$dmul          fz_ws.l(dmul.o)
    0x000018ec   0x0000009c   Code   RO          428    x$fpl$dnaninf       fz_ws.l(dnaninf.o)
    0x00001988   0x0000000c   Code   RO          430    x$fpl$dretinf       fz_ws.l(dretinf.o)
    0x00001994   0x00000000   Code   RO          432    x$fpl$usenofp       fz_ws.l(usenofp.o)
    0x00001994   0x00000010   Data   RO          150    .constdata          keypad.o
    0x000019a4   0x00000011   Data   RO          391    .constdata          c_w.l(__printf_flags_wp.o)
    0x000019b5   0x00000003   PAD
    0x000019b8   0x00000020   Data   RO          584    Region$$Table       anon$$obj.o


    Execution Region ER_RW (Base: 0x20000000, Size: 0x00000058, Max: 0xffffffff, ABSOLUTE)

    Base Addr    Size         Type   Attr      Idx    E Section Name        Object

    0x20000000   0x00000011   Data   RW           13    .data               lcdtestmain.o
    0x20000011   0x00000003   PAD
    0x20000014   0x00000011   Data   RW          169    .data               interrupt.o
    0x20000025   0x00000005   Data   RW          250    .data               counting.o
    0x2000002a   0x00000002   PAD
    0x2000002c   0x0000002c   Data   RW          279    .data               cased.o


    Execution Region ER_ZI (Base: 0x20000058, Size: 0x00000460, Max: 0xffffffff, ABSOLUTE)

    Base Addr    Size         Type   Attr      Idx    E Section Name        Object

    0x20000058   0x00000060   Zero   RW          461    .bss                c_w.l(libspace.o)
    0x200000b8   0x00000000   Zero   RW            2    HEAP                startup.o
    0x200000b8   0x00000400   Zero   RW            1    STACK               startup.o


==============================================================================

Image component sizes


      Code (inc. data)   RO Data    RW Data    ZI Data      Debug   Object Name

       116         24          0          0          0        946   case b-c.o
       680         84          0         44          0       2999   cased.o
       408         80          0          5          0       1668   counting.o
       428         68          0         17          0       1551   interrupt.o
       428         38         16          0          0       1098   keypad.o
       478         72          0          0          0       2034   lcd.o
       128          8          0          0          0        970   lcdcommand.o
       676        146          0         17          0       5987   lcdtestmain.o
       144         26          0          0          0       1057   leds.o
       692        632          0          0       1024        972   startup.o
       464         66          0          0          0        902   switch3.o
       106          6          0          0          0       2329   systick.o

    ----------------------------------------------------------------------
      4750       1250         48         88       1024      22513   Object Totals
         0          0         32          0          0          0   (incl. Generated)
         2          0          0          5          0          0   (incl. Padding)

    ----------------------------------------------------------------------

      Code (inc. data)   RO Data    RW Data    ZI Data      Debug   Library Member Name

         8          0          0          0          0         68   __main.o
       316          6         17          0          0         92   __printf_flags_wp.o
        14          0          0          0          0         68   __printf_wp.o
        52          8          0          0          0          0   __scatter.o
        26          0          0          0          0          0   __scatter_copy.o
        28          0          0          0          0          0   __scatter_zi.o
        48          6          0          0          0         96   _printf_char_common.o
         6          0          0          0          0          0   _printf_d.o
       120         18          0          0          0         92   _printf_dec.o
       184          0          0          0          0         88   _printf_intcommon.o
        82          0          0          0          0        108   _printf_pad.o
         0          0          0          0          0          0   _printf_percent.o
         4          0          0          0          0          0   _printf_percent_end.o
        16          0          0          0          0         68   _snputc.o
        10          0          0          0          0         68   _sputc.o
        12          0          0          0          0         72   exit.o
         6          0          0          0          0        152   heapauxi.o
         0          0          0          0          0          0   indicate_semi.o
         2          0          0          0          0          0   libinit.o
         2          0          0          0          0          0   libinit2.o
         2          0          0          0          0          0   libshutdown.o
         2          0          0          0          0          0   libshutdown2.o
         8          4          0          0         96         68   libspace.o
        52          4          0          0          0         84   noretval__2snprintf.o
         0          0          0          0          0          0   rtentry.o
        12          0          0          0          0          0   rtentry2.o
         6          0          0          0          0          0   rtentry4.o
         2          0          0          0          0          0   rtexit.o
        10          0          0          0          0          0   rtexit2.o
        24          0          0          0          0         68   strcat.o
        12          4          0          0          0         68   sys_exit.o
        74          0          0          0          0         80   sys_stackheap_outer.o
         2          0          0          0          0         68   use_no_semi.o
        94          4          0          0          0         92   dfix.o
        46          0          0          0          0         68   dflt_clz.o
       340         12          0          0          0        104   dmul.o
       156          4          0          0          0         92   dnaninf.o
        12          0          0          0          0         68   dretinf.o
         0          0          0          0          0          0   usenofp.o

    ----------------------------------------------------------------------
      1798         70         20          0         96       1832   Library Totals
         8          0          3          0          0          0   (incl. Padding)

    ----------------------------------------------------------------------

      Code (inc. data)   RO Data    RW Data    ZI Data      Debug   Library Name

      1142         50         17          0         96       1408   c_w.l
       648         20          0          0          0        424   fz_ws.l

    ----------------------------------------------------------------------
      1798         70         20          0         96       1832   Library Totals

    ----------------------------------------------------------------------

==============================================================================


      Code (inc. data)   RO Data    RW Data    ZI Data      Debug   

      6548       1320         68         88       1120      21797   Grand Totals
      6548       1320         68         88       1120      21797   ELF Image Totals
      6548       1320         68         88          0          0   ROM Totals

==============================================================================

    Total RO  Size (Code + RO Data)                 6616 (   6.46kB)
    Total RW  Size (RW Data + ZI Data)              1208 (   1.18kB)
    Total ROM Size (Code + RO Data + RW Data)       6704 (   6.55kB)

==============================================================================

