<html>
<body>
<pre>
<h1>µVision Build Log</h1>
<h2>Project:</h2>
C:\Users\HP\Downloads\embeddedProject\embeddedProject\LCD.uvproj
Project File Date:  05/16/2022

<h2>Output:</h2>
Build target 'LCD'
compiling leds.c...
linking...
Program Size: Code=5624 RO-data=68 RW-data=72 ZI-data=1120  
".\LCD.axf" - 0 Error(s), 0 Warning(s).
Load "C:\\Users\\HP\\Downloads\\embeddedProject\\embeddedProject\\LCD.axf" 
Connecting: Mode=JTAG, Speed=1000000Hz
Erase Done.
Programming Done.
Verify OK.
</pre>
</body>
</html>
