<html>
<body>
<pre>
<h1>µVision Build Log</h1>
<h2>Project:</h2>
D:\embeded systems\Github\embeddedProject\LCD.uvproj
Project File Date:  05/16/2022

<h2>Output:</h2>
Rebuild target 'LCD'
assembling startup.s...
compiling LCDTestMain.c...
case B-C.h(6): warning:  #1295-D: Deprecated declaration beefAndChicken - give arg types
  void beefAndChicken();
switch3.h(2): warning:  #1-D: last line of file ends without a newline
  void GPIOPortE_Handler(void);
caseD.h(9): warning:  #1295-D: Deprecated declaration read_write - give arg types
  void read_write();
caseD.h(12): warning:  #1295-D: Deprecated declaration duration - give arg types
  int duration();
caseD.h(13): warning:  #1-D: last line of file ends without a newline
  extern  bool caseD ;
LCDTestMain.c(71): warning:  #188-D: enumerated type mixed with another type
             state=keypad_getkey()-'A';
LCDTestMain.c(27): warning:  #177-D: variable "key" was declared but never referenced
    unsigned char key ;
LCDTestMain.c: 7 warnings, 0 errors
compiling SysTick.c...
SysTick.c(51): warning:  #1-D: last line of file ends without a newline
  }
SysTick.c: 1 warning, 0 errors
compiling lcd.c...
compiling keypad.c...
compiling interrupt.c...
caseD.h(9): warning:  #1295-D: Deprecated declaration read_write - give arg types
  void read_write();
caseD.h(12): warning:  #1295-D: Deprecated declaration duration - give arg types
  int duration();
caseD.h(13): warning:  #1-D: last line of file ends without a newline
  extern  bool caseD ;
interrupt.c: 3 warnings, 0 errors
compiling leds.c...
compiling case B-C.c...
stateEnum.h(3): warning:  #1-D: last line of file ends without a newline
   }state;
case B-C.c(54): warning:  #1-D: last line of file ends without a newline
        
case B-C.c: 2 warnings, 0 errors
compiling switch3.c...
compiling counting.c...
case B-C.h(6): warning:  #1295-D: Deprecated declaration beefAndChicken - give arg types
  void beefAndChicken();
switch3.h(2): warning:  #1-D: last line of file ends without a newline
  void GPIOPortE_Handler(void);
stateEnum.h(3): warning:  #1-D: last line of file ends without a newline
   }state;
counting.c(24): warning:  #1166-D: returning pointer to local variable
        return arrOfTime;
counting.c(78): warning:  #1-D: last line of file ends without a newline
  }
counting.c: 5 warnings, 0 errors
compiling caseD.c...
caseD.c(154): warning:  #111-D: statement is unreachable
                        break;
caseD.c(246): warning:  #186-D: pointless comparison of unsigned integer with zero
                if(((key-'0')>=0) && ((key-'0')<=9)){
caseD.c(290): warning:  #1-D: last line of file ends without a newline
        }
caseD.c(231): warning:  #177-D: variable "buffer" was declared but never referenced
        char buffer [5];
caseD.c: 4 warnings, 0 errors
compiling LcdCommand.c...
LcdCommand.c(64): warning:  #1-D: last line of file ends without a newline
  }
LcdCommand.c: 1 warning, 0 errors
linking...
Program Size: Code=5620 RO-data=68 RW-data=72 ZI-data=1120  
".\LCD.axf" - 0 Error(s), 23 Warning(s).
</pre>
</body>
</html>
