<html>
<body>
<pre>
<h1>µVision Build Log</h1>
<h2>Project:</h2>
C:\Users\habib\OneDrive\Desktop\hub\embeddedProject\LCD.uvproj
Project File Date:  05/17/2022

<h2>Output:</h2>
Build target 'LCD'
compiling LCDTestMain.c...
switch3.h(2): warning:  #1-D: last line of file ends without a newline
  void GPIOPortE_Handler(void);
caseD.h(9): warning:  #1295-D: Deprecated declaration read_write - give arg types
  void read_write();
caseD.h(12): warning:  #1295-D: Deprecated declaration duration - give arg types
  int duration();
caseD.h(13): warning:  #1-D: last line of file ends without a newline
  extern  bool caseD ;
LCDTestMain.c(95): warning:  #546-D: transfer of control bypasses initialization of:
            variable "k" (declared at line 111)
        goto deh;
        ^
LCDTestMain.c(40): warning:  #546-D: transfer of control bypasses initialization of:
            variable "l" (declared at line 57)
            variable "k" (declared at line 111)
            variable "m" (declared at line 173)
  switch(key){
  ^
LCDTestMain.c(61): warning:  #177-D: label "de" was declared but never referenced
  de:
LCDTestMain.c: 7 warnings, 0 errors
compiling SysTick.c...
SysTick.c(48): warning:  #1-D: last line of file ends without a newline
  }
SysTick.c: 1 warning, 0 errors
compiling lcd.c...
compiling keypad.c...
linking...
Program Size: Code=6532 RO-data=68 RW-data=76 ZI-data=1124  
".\LCD.axf" - 0 Error(s), 8 Warning(s).
</pre>
</body>
</html>
2): warning:  #1295-D: Deprecated declaration duration - give arg types
  int duration();
caseD.h(13): warning:  #1-D: last line of file ends without a newline
  extern  bool caseD ;
interrupt.c: 3 warnings, 0 errors
compiling leds.c...
compiling switch3.c...
compiling counting.c...
switch3.h(2): warning:  #1-D: last line of file ends without a newline
  void GPIOPortE_Handler(void);
counting.c(22): warning:  #1166-D: returning pointer to local variable
        return arrOfTime;
counting.c(95): warning:  #1-D: last line of file ends without a newline
  }
counting.c: 3 warnings, 0 errors
compiling caseD.c...
caseD.c(154): warning:  #111-D: statement is unreachable
                        break;
caseD.c(246): warning:  #186-D: pointless comparison of unsigned integer with zero
                if(((key-'0')>=0) && ((key-'0')<=9)){
caseD.c(290): warning:  #1-D: last line of file ends without a newline
        }
caseD.c(231): warning:  #177-D: variable "buffer" was declared but never referenced
        char buffer [5];
caseD.c: 4 warnings, 0 errors
compiling LcdCommand.c...
LcdCommand.c(71): warning:  #1-D: last line of file ends without a newline
  }
LcdCommand.c: 1 warning, 0 errors
linking...
Program Size: Code=6532 RO-data=68 RW-data=76 ZI-data=1124  
".\LCD.axf" - 0 Error(s), 19 Warning(s).
