<html>
<body>
<pre>
<h1>µVision Build Log</h1>
<h2>Project:</h2>
E:\Project Empedded\embeddedProject\LCD.uvproj
Project File Date:  05/15/2022

<h2>Output:</h2>
Build target 'LCD'
compiling LCDTestMain.c...
LCDTestMain.c(149): warning:  #111-D: statement is unreachable
        break;
LCDTestMain.c(231): warning:  #111-D: statement is unreachable
        break;
LCDTestMain.c: 2 warnings, 0 errors
compiling lcd.c...
compiling keypad.c...
compiling interrupt.c...
compiling leds.c...
compiling switch3.c...
linking...
Program Size: Code=5388 RO-data=68 RW-data=36 ZI-data=1124  
".\LCD.axf" - 0 Error(s), 2 Warning(s).
</pre>
</body>
</html>
