<html>
<body>
<pre>
<h1>µVision Build Log</h1>
<h2>Project:</h2>
B:\CSE 2\Embedded Systems\Embedded project\caseD2\LCD.uvproj
Project File Date:  05/15/2022

<h2>Output:</h2>
Build target 'LCD'
compiling caseD2.c...
caseD2.c(144): warning:  #111-D: statement is unreachable
                        break;
caseD2.c(246): warning:  #1-D: last line of file ends without a newline
        }
caseD2.c: 2 warnings, 0 errors
linking...
Program Size: Code=4156 RO-data=68 RW-data=56 ZI-data=1120  
".\LCD.axf" - 0 Error(s), 2 Warning(s).
B:\\CSE 2\\Embedded Systems\\Embedded project\\caseD2\\LCD.axf" 
Connecting: Mode=JTAG, Speed=1000000Hz
Erase Done.
Programming Done.
Verify OK.
z
Erase Done.
Programming Done.
Verify OK.
.
